Component: ARM Compiler 5.05 update 1 (build 106) Tool: armlink [4d0efa]

==============================================================================

Section Cross References

    usart.o(i.HAL_UART_MspDeInit) refers to stm32f1xx_hal_gpio.o(i.HAL_GPIO_DeInit) for HAL_GPIO_DeInit
    usart.o(i.HAL_UART_MspInit) refers to stm32f1xx_hal_gpio.o(i.HAL_GPIO_Init) for HAL_GPIO_Init
    usart.o(i.MX_USART1_UART_Init) refers to stm32f1xx_hal_uart.o(i.HAL_UART_Init) for HAL_UART_Init
    usart.o(i.MX_USART1_UART_Init) refers to main.o(i._Error_Handler) for _Error_Handler
    usart.o(i.MX_USART1_UART_Init) refers to usart.o(.bss) for .bss
    gpio.o(i.MX_GPIO_Init) refers to stm32f1xx_hal_gpio.o(i.HAL_GPIO_WritePin) for HAL_GPIO_WritePin
    gpio.o(i.MX_GPIO_Init) refers to stm32f1xx_hal_gpio.o(i.HAL_GPIO_Init) for HAL_GPIO_Init
    freertos.o(i.MX_FREERTOS_Init) refers to memcpya.o(.text) for __aeabi_memcpy4
    freertos.o(i.MX_FREERTOS_Init) refers to cmsis_os.o(i.osThreadCreate) for osThreadCreate
    freertos.o(i.MX_FREERTOS_Init) refers to freertos.o(.constdata) for .constdata
    freertos.o(i.MX_FREERTOS_Init) refers to freertos.o(.data) for .data
    freertos.o(i.StartDefaultTask) refers to task_print.o(i.Print_result) for Print_result
    freertos.o(i.StartDefaultTask) refers to task_display.o(i.display_init) for display_init
    freertos.o(i.StartDefaultTask) refers to task_display.o(i.my_gui) for my_gui
    freertos.o(i.StartDefaultTask) refers to cmsis_os.o(i.osDelay) for osDelay
    freertos.o(i.StartTask02) refers to task_temp.o(i.temp_init) for temp_init
    freertos.o(i.StartTask02) refers to task_temp.o(i.temp_control) for temp_control
    freertos.o(i.StartTask02) refers to cmsis_os.o(i.osDelay) for osDelay
    freertos.o(i.StartTask03) refers to task_can.o(i.CAN_SEND_MESSAGE) for CAN_SEND_MESSAGE
    freertos.o(i.StartTask03) refers to stm32f1xx_hal_can.o(i.HAL_CAN_Receive_IT) for HAL_CAN_Receive_IT
    freertos.o(i.StartTask03) refers to stm32f1xx_hal.o(i.HAL_Delay) for HAL_Delay
    freertos.o(i.StartTask03) refers to task_flip.o(i.start_flip) for start_flip
    freertos.o(i.StartTask03) refers to cmsis_os.o(i.osDelay) for osDelay
    freertos.o(i.StartTask03) refers to can.o(.bss) for hcan
    freertos.o(i.StartTask03) refers to freertos.o(.data) for .data
    freertos.o(.constdata) refers to freertos.o(.conststring) for .conststring
    freertos.o(.constdata) refers to freertos.o(i.StartDefaultTask) for StartDefaultTask
    freertos.o(.constdata) refers to freertos.o(i.StartTask02) for StartTask02
    freertos.o(.constdata) refers to freertos.o(i.StartTask03) for StartTask03
    stm32f1xx_hal_msp.o(i.HAL_MspInit) refers to stm32f1xx_hal_cortex.o(i.HAL_NVIC_SetPriorityGrouping) for HAL_NVIC_SetPriorityGrouping
    stm32f1xx_hal_msp.o(i.HAL_MspInit) refers to stm32f1xx_hal_cortex.o(i.HAL_NVIC_SetPriority) for HAL_NVIC_SetPriority
    main.o(i.HAL_TIM_PeriodElapsedCallback) refers to stm32f1xx_hal.o(i.HAL_IncTick) for HAL_IncTick
    main.o(i.SystemClock_Config) refers to stm32f1xx_hal_rcc.o(i.HAL_RCC_OscConfig) for HAL_RCC_OscConfig
    main.o(i.SystemClock_Config) refers to stm32f1xx_hal_rcc.o(i.HAL_RCC_ClockConfig) for HAL_RCC_ClockConfig
    main.o(i.SystemClock_Config) refers to stm32f1xx_hal_rcc_ex.o(i.HAL_RCCEx_PeriphCLKConfig) for HAL_RCCEx_PeriphCLKConfig
    main.o(i.SystemClock_Config) refers to stm32f1xx_hal_rcc.o(i.HAL_RCC_GetHCLKFreq) for HAL_RCC_GetHCLKFreq
    main.o(i.SystemClock_Config) refers to stm32f1xx_hal_cortex.o(i.HAL_SYSTICK_Config) for HAL_SYSTICK_Config
    main.o(i.SystemClock_Config) refers to stm32f1xx_hal_cortex.o(i.HAL_SYSTICK_CLKSourceConfig) for HAL_SYSTICK_CLKSourceConfig
    main.o(i.SystemClock_Config) refers to stm32f1xx_hal_cortex.o(i.HAL_NVIC_SetPriority) for HAL_NVIC_SetPriority
    main.o(i.main) refers to stm32f1xx_hal.o(i.HAL_Init) for HAL_Init
    main.o(i.main) refers to main.o(i.SystemClock_Config) for SystemClock_Config
    main.o(i.main) refers to gpio.o(i.MX_GPIO_Init) for MX_GPIO_Init
    main.o(i.main) refers to dma.o(i.MX_DMA_Init) for MX_DMA_Init
    main.o(i.main) refers to can.o(i.MX_CAN_Init) for MX_CAN_Init
    main.o(i.main) refers to usart.o(i.MX_USART1_UART_Init) for MX_USART1_UART_Init
    main.o(i.main) refers to adc.o(i.MX_ADC1_Init) for MX_ADC1_Init
    main.o(i.main) refers to freertos.o(i.MX_FREERTOS_Init) for MX_FREERTOS_Init
    main.o(i.main) refers to cmsis_os.o(i.osKernelStart) for osKernelStart
    can.o(i.CAN_Filter) refers to stm32f1xx_hal_can.o(i.HAL_CAN_ConfigFilter) for HAL_CAN_ConfigFilter
    can.o(i.CAN_Filter) refers to can.o(.bss) for .bss
    can.o(i.HAL_CAN_MspDeInit) refers to stm32f1xx_hal_gpio.o(i.HAL_GPIO_DeInit) for HAL_GPIO_DeInit
    can.o(i.HAL_CAN_MspDeInit) refers to stm32f1xx_hal_cortex.o(i.HAL_NVIC_DisableIRQ) for HAL_NVIC_DisableIRQ
    can.o(i.HAL_CAN_MspInit) refers to stm32f1xx_hal_gpio.o(i.HAL_GPIO_Init) for HAL_GPIO_Init
[...]
    ../Drivers/STM32F1xx_HAL_Driver/Src/stm32f1xx_hal_uart.c 0x00000000   Number         0  stm32f1xx_hal_uart.o ABSOLUTE
    ../Middlewares/Third_Party/FreeRTOS/Source/CMSIS_RTOS/cmsis_os.c 0x00000000   Number         0  cmsis_os.o ABSOLUTE
    ../Middlewares/Third_Party/FreeRTOS/Source/croutine.c 0x00000000   Number         0  croutine.o ABSOLUTE
    ../Middlewares/Third_Party/FreeRTOS/Source/event_groups.c 0x00000000   Number         0  event_groups.o ABSOLUTE
    ../Middlewares/Third_Party/FreeRTOS/Source/list.c 0x00000000   Number         0  list.o ABSOLUTE
    ../Middlewares/Third_Party/FreeRTOS/Source/portable/MemMang/heap_4.c 0x00000000   Number         0  heap_4.o ABSOLUTE
    ../Middlewares/Third_Party/FreeRTOS/Source/portable/RVDS/ARM_CM3/port.c 0x00000000   Number         0  port.o ABSOLUTE
    ../Middlewares/Third_Party/FreeRTOS/Source/queue.c 0x00000000   Number         0  queue.o ABSOLUTE
    ../Middlewares/Third_Party/FreeRTOS/Source/tasks.c 0x00000000   Number         0  tasks.o ABSOLUTE
    ../Middlewares/Third_Party/FreeRTOS/Source/timers.c 0x00000000   Number         0  timers.o ABSOLUTE
    ../Src/adc.c                             0x00000000   Number         0  adc.o ABSOLUTE
    ../Src/can.c                             0x00000000   Number         0  can.o ABSOLUTE
    ../Src/dma.c                             0x00000000   Number         0  dma.o ABSOLUTE
    ../Src/freertos.c                        0x00000000   Number         0  freertos.o ABSOLUTE
    ../Src/gpio.c                            0x00000000   Number         0  gpio.o ABSOLUTE
    ../Src/main.c                            0x00000000   Number         0  main.o ABSOLUTE
    ../Src/stm32f1xx_hal_msp.c               0x00000000   Number         0  stm32f1xx_hal_msp.o ABSOLUTE
    ../Src/stm32f1xx_hal_timebase_TIM.c      0x00000000   Number         0  stm32f1xx_hal_timebase_tim.o ABSOLUTE
    ../Src/stm32f1xx_it.c                    0x00000000   Number         0  stm32f1xx_it.o ABSOLUTE
    ../Src/system_stm32f1xx.c                0x00000000   Number         0  system_stm32f1xx.o ABSOLUTE
    ../Src/usart.c                           0x00000000   Number         0  usart.o ABSOLUTE
    ../clib/../cmprslib/zerorunl2.c          0x00000000   Number         0  __dczerorl2.o ABSOLUTE
    ../clib/microlib/init/entry.s            0x00000000   Number         0  entry7a.o ABSOLUTE
    ../clib/microlib/init/entry.s            0x00000000   Number         0  entry7b.o ABSOLUTE
    ../clib/microlib/init/entry.s            0x00000000   Number         0  entry8a.o ABSOLUTE
    ../clib/microlib/init/entry.s            0x00000000   Number         0  entry8b.o ABSOLUTE
    ../clib/microlib/init/entry.s            0x00000000   Number         0  entry9b.o ABSOLUTE
    ../clib/microlib/init/entry.s            0x00000000   Number         0  entry10a.o ABSOLUTE
    ../clib/microlib/init/entry.s            0x00000000   Number         0  entry.o ABSOLUTE
    ../clib/microlib/init/entry.s            0x00000000   Number         0  entry9a.o ABSOLUTE
    ../clib/microlib/init/entry.s            0x00000000   Number         0  entry11b.o ABSOLUTE
    ../clib/microlib/init/entry.s            0x00000000   Number         0  entry11a.o ABSOLUTE
    ../clib/microlib/init/entry.s            0x00000000   Number         0  entry10b.o ABSOLUTE
    ../clib/microlib/init/entry.s            0x00000000   Number         0  entry5.o ABSOLUTE
    ../clib/microlib/init/entry.s            0x00000000   Number         0  entry2.o ABSOLUTE
    ../clib/microlib/longlong.c              0x00000000   Number         0  llshl.o ABSOLUTE
    ../clib/microlib/longlong.c              0x00000000   Number         0  llushr.o ABSOLUTE
    ../clib/microlib/string/memcpy.c         0x00000000   Number         0  memcpyb.o ABSOLUTE
    ../clib/microlib/string/memcpy.c         0x00000000   Number         0  memcpya.o ABSOLUTE
    ../clib/microlib/stubs.s                 0x00000000   Number         0  iusefp.o ABSOLUTE
    ../fplib/microlib/fpdiv.c                0x00000000   Number         0  ddiv.o ABSOLUTE
    ../fplib/microlib/fpepilogue.c           0x00000000   Number         0  depilogue.o ABSOLUTE
    ../fplib/microlib/fpfix.c                0x00000000   Number         0  dfixui.o ABSOLUTE
    ../fplib/microlib/fpflt.c                0x00000000   Number         0  dfltui.o ABSOLUTE
    ../fplib/microlib/fpmul.c                0x00000000   Number         0  dmul.o ABSOLUTE
    ..\Drivers\STM32F1xx_HAL_Driver\Src\stm32f1xx_hal.c 0x00000000   Number         0  stm32f1xx_hal.o ABSOLUTE
    ..\Drivers\STM32F1xx_HAL_Driver\Src\stm32f1xx_hal_adc.c 0x00000000   Number         0  stm32f1xx_hal_adc.o ABSOLUTE
    ..\Drivers\STM32F1xx_HAL_Driver\Src\stm32f1xx_hal_adc_ex.c 0x00000000   Number         0  stm32f1xx_hal_adc_ex.o ABSOLUTE
    ..\Drivers\STM32F1xx_HAL_Driver\Src\stm32f1xx_hal_can.c 0x00000000   Number         0  stm32f1xx_hal_can.o ABSOLUTE
    ..\Drivers\STM32F1xx_HAL_Driver\Src\stm32f1xx_hal_cortex.c 0x00000000   Number         0  stm32f1xx_hal_cortex.o ABSOLUTE
    ..\Drivers\STM32F1xx_HAL_Driver\Src\stm32f1xx_hal_dma.c 0x00000000   Number         0  stm32f1xx_hal_dma.o ABSOLUTE
    ..\Drivers\STM32F1xx_HAL_Driver\Src\stm32f1xx_hal_flash.c 0x00000000   Number         0  stm32f1xx_hal_flash.o ABSOLUTE
    ..\Drivers\STM32F1xx_HAL_Driver\Src\stm32f1xx_hal_flash_ex.c 0x00000000   Number         0  stm32f1xx_hal_flash_ex.o ABSOLUTE
    ..\Drivers\STM32F1xx_HAL_Driver\Src\stm32f1xx_hal_gpio.c 0x00000000   Number         0  stm32f1xx_hal_gpio.o ABSOLUTE
    ..\Drivers\STM32F1xx_HAL_Driver\Src\stm32f1xx_hal_gpio_ex.c 0x00000000   Number         0  stm32f1xx_hal_gpio_ex.o ABSOLUTE
    ..\Drivers\STM32F1xx_HAL_Driver\Src\stm32f1xx_hal_pwr.c 0x00000000   Number         0  stm32f1xx_hal_pwr.o ABSOLUTE
    ..\Drivers\STM32F1xx_HAL_Driver\Src\stm32f1xx_hal_rcc.c 0x00000000   Number         0  stm32f1xx_hal_rcc.o ABSOLUTE
    ..\Drivers\STM32F1xx_HAL_Driver\Src\stm32f1xx_hal_rcc_ex.c 0x00000000   Number         0  stm32f1xx_hal_rcc_ex.o ABSOLUTE
    ..\Drivers\STM32F1xx_HAL_Driver\Src\stm32f1xx_hal_tim.c 0x00000000   Number         0  stm32f1xx_hal_tim.o ABSOLUTE
    ..\Drivers\STM32F1xx_HAL_Driver\Src\stm32f1xx_hal_tim_ex.c 0x00000000   Number         0  stm32f1xx_hal_tim_ex.o ABSOLUTE
    ..\Drivers\STM32F1xx_HAL_Driver\Src\stm32f1xx_hal_uart.c 0x00000000   Number         0  stm32f1xx_hal_uart.o ABSOLUTE
    ..\Middlewares\Third_Party\FreeRTOS\Source\CMSIS_RTOS\cmsis_os.c 0x00000000   Number         0  cmsis_os.o ABSOLUTE
    ..\Middlewares\Third_Party\FreeRTOS\Source\portable\RVDS\ARM_CM3\port.c 0x00000000   Number         0  port.o ABSOLUTE
    ..\Src\adc.c                             0x00000000   Number         0  adc.o ABSOLUTE
    ..\Src\can.c                             0x00000000   Number         0  can.o ABSOLUTE
    ..\Src\dma.c                             0x00000000   Number         0  dma.o ABSOLUTE
    ..\Src\freertos.c                        0x00000000   Number         0  freertos.o ABSOLUTE
    ..\Src\gpio.c                            0x00000000   Number         0  gpio.o ABSOLUTE
    ..\Src\main.c                            0x00000000   Number         0  main.o ABSOLUTE
    ..\Src\stm32f1xx_hal_msp.c               0x00000000   Number         0  stm32f1xx_hal_msp.o ABSOLUTE
    ..\Src\stm32f1xx_hal_timebase_TIM.c      0x00000000   Number         0  stm32f1xx_hal_timebase_tim.o ABSOLUTE
    ..\Src\stm32f1xx_it.c                    0x00000000   Number         0  stm32f1xx_it.o ABSOLUTE
    ..\Src\system_stm32f1xx.c                0x00000000   Number         0  system_stm32f1xx.o ABSOLUTE
    ..\Src\usart.c                           0x00000000   Number         0  usart.o ABSOLUTE
    ..\TFT\GUI.c                             0x00000000   Number         0  gui.o ABSOLUTE
    ..\TFT\TFT28.C                           0x00000000   Number         0  tft28.o ABSOLUTE
    ..\TFT\Touch.C                           0x00000000   Number         0  touch.o ABSOLUTE
    ..\\TFT\\TFT28.C                         0x00000000   Number         0  tft28.o ABSOLUTE
    ..\\TFT\\Touch.C                         0x00000000   Number         0  touch.o ABSOLUTE
    ..\\task\\task_can.c                     0x00000000   Number         0  task_can.o ABSOLUTE
    ..\\task\\task_display.c                 0x00000000   Number         0  task_display.o ABSOLUTE
    ..\\task\\task_flip.c                    0x00000000   Number         0  task_flip.o ABSOLUTE
    ..\\task\\task_print.c                   0x00000000   Number         0  task_print.o ABSOLUTE
    ..\\task\\task_temp.c                    0x00000000   Number         0  task_temp.o ABSOLUTE
    ..\task\task_can.c                       0x00000000   Number         0  task_can.o ABSOLUTE
    ..\task\task_display.c                   0x00000000   Number         0  task_display.o ABSOLUTE
    ..\task\task_flip.c                      0x00000000   Number         0  task_flip.o ABSOLUTE
    ..\task\task_print.c                     0x00000000   Number         0  task_print.o ABSOLUTE
    ..\task\task_temp.c                      0x00000000   Number         0  task_temp.o ABSOLUTE
    dc.s                                     0x00000000   Number         0  dc.o ABSOLUTE
    handlers.s                               0x00000000   Number         0  handlers.o ABSOLUTE
    init.s                                   0x00000000   Number         0  init.o ABSOLUTE
    startup_stm32f103xe.s                    0x00000000   Number         0  startup_stm32f103xe.o ABSOLUTE
    RESET                                    0x08000000   Section      304  startup_stm32f103xe.o(RESET)
    .ARM.Collect$$$$00000000                 0x08000130   Section        0  entry.o(.ARM.Collect$$$$00000000)
    .ARM.Collect$$$$00000001                 0x08000130   Section        4  entry2.o(.ARM.Collect$$$$00000001)
    .ARM.Collect$$$$00000004                 0x08000134   Section        4  entry5.o(.ARM.Collect$$$$00000004)
    .ARM.Collect$$$$00000008                 0x08000138   Section        0  entry7b.o(.ARM.Collect$$$$00000008)
    .ARM.Collect$$$$0000000A                 0x08000138   Section        0  entry8b.o(.ARM.Collect$$$$0000000A)
    .ARM.Collect$$$$0000000B                 0x08000138   Section        8  entry9a.o(.ARM.Collect$$$$0000000B)
    .ARM.Collect$$$$0000000D                 0x08000140   Section        0  entry10a.o(.ARM.Collect$$$$0000000D)
    .ARM.Collect$$$$0000000F                 0x08000140   Section        0  entry11a.o(.ARM.Collect$$$$0000000F)
    .ARM.Collect$$$$00002712                 0x08000140   Section        4  entry2.o(.ARM.Collect$$$$00002712)
    __lit__00000000                          0x08000140   Data           4  entry2.o(.ARM.Collect$$$$00002712)
    .emb_text                                0x08000144   Section      162  port.o(.emb_text)
    .text                                    0x080001e8   Section       36  startup_stm32f103xe.o(.text)
    .text                                    0x0800020c   Section        0  llushr.o(.text)
    .text                                    0x0800022c   Section        0  memcpya.o(.text)
    .text                                    0x08000250   Section        0  dmul.o(.text)
    .text                                    0x08000334   Section        0  ddiv.o(.text)
    .text                                    0x08000412   Section        0  dfltui.o(.text)
    .text                                    0x0800042c   Section        0  dfixui.o(.text)
    .text                                    0x0800045e   Section        0  depilogue.o(.text)
    .text                                    0x0800045e   Section        0  iusefp.o(.text)
    .text                                    0x08000518   Section       36  init.o(.text)
    .text                                    0x0800053c   Section        0  llshl.o(.text)
    .text                                    0x0800055a   Section        0  __dczerorl2.o(.text)
    i.AD7843                                 0x080005b0   Section        0  touch.o(i.AD7843)
    i.ADC_ConversionStop_Disable             0x0800062c   Section        0  stm32f1xx_hal_adc.o(i.ADC_ConversionStop_Disable)
    i.ADC_DMAConvCplt                        0x08000678   Section        0  stm32f1xx_hal_adc.o(i.ADC_DMAConvCplt)
    i.ADC_DMAError                           0x080006c6   Section        0  stm32f1xx_hal_adc.o(i.ADC_DMAError)
    i.ADC_DMAHalfConvCplt                    0x080006e0   Section        0  stm32f1xx_hal_adc.o(i.ADC_DMAHalfConvCplt)
    i.ADC_Enable                             0x080006ec   Section        0  stm32f1xx_hal_adc.o(i.ADC_Enable)
    i.BusFault_Handler                       0x0800075c   Section        0  stm32f1xx_it.o(i.BusFault_Handler)
    i.CAN_Receive_IT                         0x0800075e   Section        0  stm32f1xx_hal_can.o(i.CAN_Receive_IT)
    CAN_Receive_IT                           0x0800075f   Thumb Code   264  stm32f1xx_hal_can.o(i.CAN_Receive_IT)
    i.CAN_SEND_MESSAGE                       0x08000866   Section        0  task_can.o(i.CAN_SEND_MESSAGE)
    i.CLR_Screen                             0x080008b0   Section        0  tft28.o(i.CLR_Screen)
    i.DMA1_Channel1_IRQHandler               0x080008e4   Section        0  stm32f1xx_it.o(i.DMA1_Channel1_IRQHandler)
    i.DMA_SetConfig                          0x080008f0   Section        0  stm32f1xx_hal_dma.o(i.DMA_SetConfig)
    DMA_SetConfig                            0x080008f1   Thumb Code    30  stm32f1xx_hal_dma.o(i.DMA_SetConfig)
    i.DebugMon_Handler                       0x0800090e   Section        0  stm32f1xx_it.o(i.DebugMon_Handler)
    i.GUIline                                0x08000910   Section        0  gui.o(i.GUIline)
    i.GUIpoint                               0x0800098e   Section        0  gui.o(i.GUIpoint)
    i.Getpix                                 0x080009b0   Section        0  touch.o(i.Getpix)
    i.HAL_ADC_ConfigChannel                  0x08000a48   Section        0  stm32f1xx_hal_adc.o(i.HAL_ADC_ConfigChannel)
    i.HAL_ADC_ConvCpltCallback               0x08000bb0   Section        0  stm32f1xx_hal_adc.o(i.HAL_ADC_ConvCpltCallback)
    i.HAL_ADC_ConvHalfCpltCallback           0x08000bb2   Section        0  stm32f1xx_hal_adc.o(i.HAL_ADC_ConvHalfCpltCallback)
    i.HAL_ADC_ErrorCallback                  0x08000bb4   Section        0  stm32f1xx_hal_adc.o(i.HAL_ADC_ErrorCallback)
    i.HAL_ADC_Init                           0x08000bb8   Section        0  stm32f1xx_hal_adc.o(i.HAL_ADC_Init)
    i.HAL_ADC_MspInit                        0x08000d00   Section        0  adc.o(i.HAL_ADC_MspInit)
    i.HAL_ADC_Start_DMA                      0x08000d8c   Section        0  stm32f1xx_hal_adc.o(i.HAL_ADC_Start_DMA)
    i.HAL_CAN_ConfigFilter                   0x08000e98   Section        0  stm32f1xx_hal_can.o(i.HAL_CAN_ConfigFilter)
    i.HAL_CAN_ErrorCallback                  0x08000f8a   Section        0  stm32f1xx_hal_can.o(i.HAL_CAN_ErrorCallback)
    i.HAL_CAN_IRQHandler                     0x08000f8c   Section        0  stm32f1xx_hal_can.o(i.HAL_CAN_IRQHandler)
    i.HAL_CAN_Init                           0x0800111c   Section        0  stm32f1xx_hal_can.o(i.HAL_CAN_Init)
    i.HAL_CAN_MspInit                        0x08001230   Section        0  can.o(i.HAL_CAN_MspInit)
    i.HAL_CAN_Receive_IT                     0x08001298   Section        0  stm32f1xx_hal_can.o(i.HAL_CAN_Receive_IT)
    i.HAL_CAN_RxCpltCallback                 0x080012fc   Section        0  task_can.o(i.HAL_CAN_RxCpltCallback)
    i.HAL_CAN_Transmit                       0x08001380   Section        0  stm32f1xx_hal_can.o(i.HAL_CAN_Transmit)
    i.HAL_CAN_TxCpltCallback                 0x08001510   Section        0  stm32f1xx_hal_can.o(i.HAL_CAN_TxCpltCallback)
    i.HAL_DMA_IRQHandler                     0x08001514   Section        0  stm32f1xx_hal_dma.o(i.HAL_DMA_IRQHandler)
    i.HAL_DMA_Init                           0x080019cc   Section        0  stm32f1xx_hal_dma.o(i.HAL_DMA_Init)
    i.HAL_DMA_Start_IT                       0x08001a1c   Section        0  stm32f1xx_hal_dma.o(i.HAL_DMA_Start_IT)
    i.HAL_Delay                              0x08001a74   Section        0  stm32f1xx_hal.o(i.HAL_Delay)
    i.HAL_GPIO_Init                          0x08001a8c   Section        0  stm32f1xx_hal_gpio.o(i.HAL_GPIO_Init)
    i.HAL_GPIO_ReadPin                       0x08001c74   Section        0  stm32f1xx_hal_gpio.o(i.HAL_GPIO_ReadPin)
    i.HAL_GPIO_WritePin                      0x08001c7e   Section        0  stm32f1xx_hal_gpio.o(i.HAL_GPIO_WritePin)
    i.HAL_GetTick                            0x08001c88   Section        0  stm32f1xx_hal.o(i.HAL_GetTick)
    i.HAL_IncTick                            0x08001c94   Section        0  stm32f1xx_hal.o(i.HAL_IncTick)
    i.HAL_Init                               0x08001ca4   Section        0  stm32f1xx_hal.o(i.HAL_Init)
    i.HAL_InitTick                           0x08001cc8   Section        0  stm32f1xx_hal_timebase_tim.o(i.HAL_InitTick)
    i.HAL_MspInit                            0x08001d3c   Section        0  stm32f1xx_hal_msp.o(i.HAL_MspInit)
    i.HAL_NVIC_EnableIRQ                     0x08001dbc   Section        0  stm32f1xx_hal_cortex.o(i.HAL_NVIC_EnableIRQ)
    i.HAL_NVIC_SetPriority                   0x08001dd4   Section        0  stm32f1xx_hal_cortex.o(i.HAL_NVIC_SetPriority)
    i.HAL_NVIC_SetPriorityGrouping           0x08001e14   Section        0  stm32f1xx_hal_cortex.o(i.HAL_NVIC_SetPriorityGrouping)
    i.HAL_RCCEx_PeriphCLKConfig              0x08001e38   Section        0  stm32f1xx_hal_rcc_ex.o(i.HAL_RCCEx_PeriphCLKConfig)
    i.HAL_RCC_ClockConfig                    0x08001f64   Section        0  stm32f1xx_hal_rcc.o(i.HAL_RCC_ClockConfig)
    i.HAL_RCC_GetClockConfig                 0x080020ec   Section        0  stm32f1xx_hal_rcc.o(i.HAL_RCC_GetClockConfig)
    i.HAL_RCC_GetHCLKFreq                    0x0800212c   Section        0  stm32f1xx_hal_rcc.o(i.HAL_RCC_GetHCLKFreq)
    i.HAL_RCC_GetPCLK1Freq                   0x08002138   Section        0  stm32f1xx_hal_rcc.o(i.HAL_RCC_GetPCLK1Freq)
    i.HAL_RCC_GetPCLK2Freq                   0x08002168   Section        0  stm32f1xx_hal_rcc.o(i.HAL_RCC_GetPCLK2Freq)
    i.HAL_RCC_GetSysClockFreq                0x08002198   Section        0  stm32f1xx_hal_rcc.o(i.HAL_RCC_GetSysClockFreq)
    i.HAL_RCC_OscConfig                      0x08002220   Section        0  stm32f1xx_hal_rcc.o(i.HAL_RCC_OscConfig)
    i.HAL_SYSTICK_CLKSourceConfig            0x0800279e   Section        0  stm32f1xx_hal_cortex.o(i.HAL_SYSTICK_CLKSourceConfig)
    i.HAL_SYSTICK_Config                     0x080027b6   Section        0  stm32f1xx_hal_cortex.o(i.HAL_SYSTICK_Config)
    i.HAL_TIMEx_BreakCallback                0x080027de   Section        0  stm32f1xx_hal_tim_ex.o(i.HAL_TIMEx_BreakCallback)
    i.HAL_TIMEx_CommutationCallback          0x080027e0   Section        0  stm32f1xx_hal_tim_ex.o(i.HAL_TIMEx_CommutationCallback)
    i.HAL_TIM_Base_Init                      0x080027e2   Section        0  stm32f1xx_hal_tim.o(i.HAL_TIM_Base_Init)
    i.HAL_TIM_Base_MspInit                   0x08002818   Section        0  stm32f1xx_hal_tim.o(i.HAL_TIM_Base_MspInit)
    i.HAL_TIM_Base_Start_IT                  0x0800281a   Section        0  stm32f1xx_hal_tim.o(i.HAL_TIM_Base_Start_IT)
    i.HAL_TIM_IC_CaptureCallback             0x08002832   Section        0  stm32f1xx_hal_tim.o(i.HAL_TIM_IC_CaptureCallback)
    i.HAL_TIM_IRQHandler                     0x08002834   Section        0  stm32f1xx_hal_tim.o(i.HAL_TIM_IRQHandler)
    i.HAL_TIM_OC_DelayElapsedCallback        0x0800299a   Section        0  stm32f1xx_hal_tim.o(i.HAL_TIM_OC_DelayElapsedCallback)
    i.HAL_TIM_PWM_PulseFinishedCallback      0x0800299c   Section        0  stm32f1xx_hal_tim.o(i.HAL_TIM_PWM_PulseFinishedCallback)
    i.HAL_TIM_PeriodElapsedCallback          0x080029a0   Section        0  main.o(i.HAL_TIM_PeriodElapsedCallback)
    i.HAL_TIM_TriggerCallback                0x080029b4   Section        0  stm32f1xx_hal_tim.o(i.HAL_TIM_TriggerCallback)
    i.HAL_UART_Init                          0x080029b6   Section        0  stm32f1xx_hal_uart.o(i.HAL_UART_Init)
    i.HAL_UART_MspInit                       0x08002a14   Section        0  usart.o(i.HAL_UART_MspInit)
    i.HAL_UART_Transmit                      0x08002a6c   Section        0  stm32f1xx_hal_uart.o(i.HAL_UART_Transmit)
    i.HardFault_Handler                      0x08002b38   Section        0  stm32f1xx_it.o(i.HardFault_Handler)
    i.LCD_PutChar                            0x08002b3c   Section        0  tft28.o(i.LCD_PutChar)
    i.LCD_PutString24                        0x08002b90   Section        0  tft28.o(i.LCD_PutString24)
    i.LCD_SetPos                             0x08002bec   Section        0  tft28.o(i.LCD_SetPos)
    i.MX_ADC1_Init                           0x08002c34   Section        0  adc.o(i.MX_ADC1_Init)
    i.MX_CAN_Init                            0x08002c98   Section        0  can.o(i.MX_CAN_Init)
    i.MX_DMA_Init                            0x08002d18   Section        0  dma.o(i.MX_DMA_Init)
    i.MX_FREERTOS_Init                       0x08002d44   Section        0  freertos.o(i.MX_FREERTOS_Init)
    i.MX_GPIO_Init                           0x08002d98   Section        0  gpio.o(i.MX_GPIO_Init)
    i.MX_USART1_UART_Init                    0x08002e80   Section        0  usart.o(i.MX_USART1_UART_Init)
    i.MemManage_Handler                      0x08002ecc   Section        0  stm32f1xx_it.o(i.MemManage_Handler)
    i.NMI_Handler                            0x08002ece   Section        0  stm32f1xx_it.o(i.NMI_Handler)
    i.NVIC_SetPriority                       0x08002ed0   Section        0  stm32f1xx_hal_cortex.o(i.NVIC_SetPriority)
    NVIC_SetPriority                         0x08002ed1   Thumb Code    32  stm32f1xx_hal_cortex.o(i.NVIC_SetPriority)
    i.Print_result                           0x08002ef0   Section        0  task_print.o(i.Print_result)
    i.PutGB2424                              0x08002fb0   Section        0  tft28.o(i.PutGB2424)
    i.Read_7843                              0x0800302c   Section        0  touch.o(i.Read_7843)
    i.StartDefaultTask                       0x08003074   Section        0  freertos.o(i.StartDefaultTask)
    i.StartTask02                            0x08003088   Section        0  freertos.o(i.StartTask02)
    i.StartTask03                            0x0800309c   Section        0  freertos.o(i.StartTask03)
    i.SysTick_Handler                        0x08003110   Section        0  stm32f1xx_it.o(i.SysTick_Handler)
    i.SystemClock_Config                     0x08003114   Section        0  main.o(i.SystemClock_Config)
    i.SystemInit                             0x08003190   Section        0  system_stm32f1xx.o(i.SystemInit)
    i.TFT_Initial                            0x080031d8   Section        0  tft28.o(i.TFT_Initial)
    i.TIM4_IRQHandler                        0x0800371c   Section        0  stm32f1xx_it.o(i.TIM4_IRQHandler)
    i.TIM_Base_SetConfig                     0x08003728   Section        0  stm32f1xx_hal_tim.o(i.TIM_Base_SetConfig)
    i.U1_SendH                               0x080037ac   Section        0  task_print.o(i.U1_SendH)
    i.UART_SetConfig                         0x080037c4   Section        0  stm32f1xx_hal_uart.o(i.UART_SetConfig)
    UART_SetConfig                           0x080037c5   Thumb Code   364  stm32f1xx_hal_uart.o(i.UART_SetConfig)
    i.UART_WaitOnFlagUntilTimeout            0x08003934   Section        0  stm32f1xx_hal_uart.o(i.UART_WaitOnFlagUntilTimeout)
    UART_WaitOnFlagUntilTimeout              0x08003935   Thumb Code   146  stm32f1xx_hal_uart.o(i.UART_WaitOnFlagUntilTimeout)
    i.USB_LP_CAN1_RX0_IRQHandler             0x080039c8   Section        0  stm32f1xx_it.o(i.USB_LP_CAN1_RX0_IRQHandler)
    i.UsageFault_Handler                     0x080039d4   Section        0  stm32f1xx_it.o(i.UsageFault_Handler)
    i.Write_7843                             0x080039d8   Section        0  touch.o(i.Write_7843)
    i.Write_Cmd                              0x08003a28   Section        0  tft28.o(i.Write_Cmd)
    i.Write_Cmd_Data                         0x08003adc   Section        0  tft28.o(i.Write_Cmd_Data)
    i.Write_Data                             0x08003af8   Section        0  tft28.o(i.Write_Data)
    i.Write_Data_U16                         0x08003ba0   Section        0  tft28.o(i.Write_Data_U16)
    i._Error_Handler                         0x08003bac   Section        0  main.o(i._Error_Handler)
    i.__scatterload_copy                     0x08003bae   Section       14  handlers.o(i.__scatterload_copy)
    i.__scatterload_null                     0x08003bbc   Section        2  handlers.o(i.__scatterload_null)
    i.__scatterload_zeroinit                 0x08003bbe   Section       14  handlers.o(i.__scatterload_zeroinit)
    i.delay_us                               0x08003bcc   Section        0  task_flip.o(i.delay_us)
    i.delayms                                0x08003be4   Section        0  tft28.o(i.delayms)
    i.display_init                           0x08003bfc   Section        0  task_display.o(i.display_init)
    i.main                                   0x08003c48   Section        0  main.o(i.main)
    i.makeFreeRtosPriority                   0x08003c6e   Section        0  cmsis_os.o(i.makeFreeRtosPriority)
    makeFreeRtosPriority                     0x08003c6f   Thumb Code    12  cmsis_os.o(i.makeFreeRtosPriority)
    i.my_gui                                 0x08003c7c   Section        0  task_display.o(i.my_gui)
    i.one                                    0x08003f80   Section        0  task_display.o(i.one)
    i.osDelay                                0x0800403c   Section        0  cmsis_os.o(i.osDelay)
    i.osKernelStart                          0x0800404a   Section        0  cmsis_os.o(i.osKernelStart)
    i.osSystickHandler                       0x08004054   Section        0  cmsis_os.o(i.osSystickHandler)
    i.osThreadCreate                         0x08004068   Section        0  cmsis_os.o(i.osThreadCreate)
    i.pix_filter                             0x080040a0   Section        0  touch.o(i.pix_filter)
    i.prvAddCurrentTaskToDelayedList         0x080040e0   Section        0  tasks.o(i.prvAddCurrentTaskToDelayedList)
    prvAddCurrentTaskToDelayedList           0x080040e1   Thumb Code    48  tasks.o(i.prvAddCurrentTaskToDelayedList)
    i.prvCheckTasksWaitingTermination        0x08004114   Section        0  tasks.o(i.prvCheckTasksWaitingTermination)
    prvCheckTasksWaitingTermination          0x08004115   Thumb Code    76  tasks.o(i.prvCheckTasksWaitingTermination)
    i.prvHeapInit                            0x08004168   Section        0  heap_4.o(i.prvHeapInit)
    prvHeapInit                              0x08004169   Thumb Code    66  heap_4.o(i.prvHeapInit)
    i.prvIdleTask                            0x080041b4   Section        0  tasks.o(i.prvIdleTask)
    prvIdleTask                              0x080041b5   Thumb Code    20  tasks.o(i.prvIdleTask)
    i.prvInsertBlockIntoFreeList             0x080041cc   Section        0  heap_4.o(i.prvInsertBlockIntoFreeList)
    prvInsertBlockIntoFreeList               0x080041cd   Thumb Code    72  heap_4.o(i.prvInsertBlockIntoFreeList)
    i.prvResetNextTaskUnblockTime            0x08004218   Section        0  tasks.o(i.prvResetNextTaskUnblockTime)
    prvResetNextTaskUnblockTime              0x08004219   Thumb Code    26  tasks.o(i.prvResetNextTaskUnblockTime)
    i.prvTaskExitError                       0x08004238   Section        0  port.o(i.prvTaskExitError)
    prvTaskExitError                         0x08004239   Thumb Code    20  port.o(i.prvTaskExitError)
    i.pvPortMalloc                           0x08004250   Section        0  heap_4.o(i.pvPortMalloc)
    i.pxPortInitialiseStack                  0x0800430c   Section        0  port.o(i.pxPortInitialiseStack)
    i.start_7843                             0x0800432c   Section        0  touch.o(i.start_7843)
    i.start_flip                             0x08004374   Section        0  task_flip.o(i.start_flip)
    i.temp_control                           0x080043dc   Section        0  task_temp.o(i.temp_control)
    i.temp_init                              0x08004474   Section        0  task_temp.o(i.temp_init)
    i.uxListRemove                           0x08004476   Section        0  list.o(i.uxListRemove)
    i.vListInitialise                        0x0800449a   Section        0  list.o(i.vListInitialise)
    i.vListInitialiseItem                    0x080044b0   Section        0  list.o(i.vListInitialiseItem)
    i.vListInsert                            0x080044b6   Section        0  list.o(i.vListInsert)
    i.vListInsertEnd                         0x080044e6   Section        0  list.o(i.vListInsertEnd)
    i.vPortEnterCritical                     0x08004500   Section        0  port.o(i.vPortEnterCritical)
    i.vPortExitCritical                      0x08004534   Section        0  port.o(i.vPortExitCritical)
    i.vPortFree                              0x08004558   Section        0  heap_4.o(i.vPortFree)
    i.vPortSetupTimerInterrupt               0x080045a0   Section        0  port.o(i.vPortSetupTimerInterrupt)
    i.vPortYield                             0x080045c0   Section        0  port.o(i.vPortYield)
    i.vTaskDelay                             0x080045d8   Section        0  tasks.o(i.vTaskDelay)
    i.vTaskStartScheduler                    0x08004628   Section        0  tasks.o(i.vTaskStartScheduler)
    i.vTaskSuspendAll                        0x0800467c   Section        0  tasks.o(i.vTaskSuspendAll)
    i.vTaskSwitchContext                     0x0800468c   Section        0  tasks.o(i.vTaskSwitchContext)
    i.xPortStartScheduler                    0x080046e0   Section        0  port.o(i.xPortStartScheduler)
    i.xPortSysTickHandler                    0x08004754   Section        0  port.o(i.xPortSysTickHandler)
    i.xTaskGenericCreate                     0x08004778   Section        0  tasks.o(i.xTaskGenericCreate)
    i.xTaskGetSchedulerState                 0x080048f4   Section        0  tasks.o(i.xTaskGetSchedulerState)
    i.xTaskIncrementTick                     0x08004910   Section        0  tasks.o(i.xTaskIncrementTick)
    i.xTaskResumeAll                         0x080049d0   Section        0  tasks.o(i.xTaskResumeAll)
    .constdata                               0x08004a7c   Section       60  freertos.o(.constdata)
    .constdata                               0x08004ab8   Section     3160  tft28.o(.constdata)
    .constdata                               0x08005710   Section       16  system_stm32f1xx.o(.constdata)
    .constdata                               0x08005720   Section        8  system_stm32f1xx.o(.constdata)
    .conststring                             0x08005728   Section       36  freertos.o(.conststring)
    .data                                    0x20000000   Section        1  freertos.o(.data)
    .data                                    0x20000004   Section       16  freertos.o(.data)
    .data                                    0x20000014   Section        8  freertos.o(.data)
    .data                                    0x2000001c   Section        8  freertos.o(.data)
    .data                                    0x20000024   Section        1  freertos.o(.data)
    .data                                    0x20000028   Section       16  touch.o(.data)
    .data                                    0x20000038   Section        8  task_display.o(.data)
    .data                                    0x20000040   Section        4  task_display.o(.data)
    .data                                    0x20000044   Section        4  task_display.o(.data)
    .data                                    0x20000048   Section        4  task_flip.o(.data)
    .data                                    0x2000004c   Section      157  task_print.o(.data)
    .data                                    0x200000ec   Section       12  task_temp.o(.data)
    .data                                    0x200000f8   Section       56  tasks.o(.data)
    uxTasksDeleted                           0x200000fc   Data           4  tasks.o(.data)
    uxCurrentNumberOfTasks                   0x20000100   Data           4  tasks.o(.data)
    xTickCount                               0x20000104   Data           4  tasks.o(.data)
    uxTopReadyPriority                       0x20000108   Data           4  tasks.o(.data)
    xSchedulerRunning                        0x2000010c   Data           4  tasks.o(.data)
    uxPendedTicks                            0x20000110   Data           4  tasks.o(.data)
    xYieldPending                            0x20000114   Data           4  tasks.o(.data)
    xNumOfOverflows                          0x20000118   Data           4  tasks.o(.data)
    uxTaskNumber                             0x2000011c   Data           4  tasks.o(.data)
    xNextTaskUnblockTime                     0x20000120   Data           4  tasks.o(.data)
    uxSchedulerSuspended                     0x20000124   Data           4  tasks.o(.data)
    pxDelayedTaskList                        0x20000128   Data           4  tasks.o(.data)
    pxOverflowDelayedTaskList                0x2000012c   Data           4  tasks.o(.data)
    .data                                    0x20000130   Section       24  heap_4.o(.data)
    pxEnd                                    0x20000130   Data           4  heap_4.o(.data)
    xFreeBytesRemaining                      0x20000134   Data           4  heap_4.o(.data)
    xMinimumEverFreeBytesRemaining           0x20000138   Data           4  heap_4.o(.data)
    xBlockAllocatedBit                       0x2000013c   Data           4  heap_4.o(.data)
    xStart                                   0x20000140   Data           8  heap_4.o(.data)
    .data                                    0x20000148   Section       12  port.o(.data)
    ucMaxSysCallPriority                     0x20000148   Data           1  port.o(.data)
    uxCriticalNesting                        0x2000014c   Data           4  port.o(.data)
    ulMaxPRIGROUPValue                       0x20000150   Data           4  port.o(.data)
    .data                                    0x20000154   Section        4  stm32f1xx_hal.o(.data)
    uwTick                                   0x20000154   Data           4  stm32f1xx_hal.o(.data)
    .data                                    0x20000158   Section        4  system_stm32f1xx.o(.data)
    .bss                                     0x2000015c   Section       64  usart.o(.bss)
    .bss                                     0x2000019c   Section      128  can.o(.bss)
    TxMessage                                0x200001dc   Data          28  can.o(.bss)
    RxMessage                                0x200001f8   Data          36  can.o(.bss)
    .bss                                     0x2000021c   Section       60  stm32f1xx_hal_timebase_tim.o(.bss)
    .bss                                     0x20000258   Section      104  adc.o(.bss)
    .bss                                     0x200002c0   Section      240  tasks.o(.bss)
    pxReadyTasksLists                        0x200002c0   Data         140  tasks.o(.bss)
    xDelayedTaskList1                        0x2000034c   Data          20  tasks.o(.bss)
    xDelayedTaskList2                        0x20000360   Data          20  tasks.o(.bss)
    xPendingReadyList                        0x20000374   Data          20  tasks.o(.bss)
    xTasksWaitingTermination                 0x20000388   Data          20  tasks.o(.bss)
    xSuspendedTaskList                       0x2000039c   Data          20  tasks.o(.bss)
    .bss                                     0x200003b0   Section     3072  heap_4.o(.bss)
    ucHeap                                   0x200003b0   Data        3072  heap_4.o(.bss)
    STACK                                    0x20000fb0   Section     1024  startup_stm32f103xe.o(STACK)

    Global Symbols

    Symbol Name                              Value     Ov Type        Size  Object(Section)

    BuildAttributes$$THM_ISAv4$P$D$K$B$S$PE$A:L22UL41UL21$X:L11$S22US41US21$IEEE1$IW$USESV6$~STKCKD$USESV7$~SHL$OSPACE$ROPI$EBA8$MICROLIB$REQ8$PRES8$EABIv2 0x00000000   Number         0  anon$$obj.o ABSOLUTE
    __ARM_use_no_argv                        0x00000000   Number         0  main.o ABSOLUTE
    __cpp_initialize__aeabi_                  - Undefined Weak Reference
    __cxa_finalize                            - Undefined Weak Reference
    _clock_init                               - Undefined Weak Reference
    _microlib_exit                            - Undefined Weak Reference
    __Vectors_Size                           0x00000130   Number         0  startup_stm32f103xe.o ABSOLUTE
    __Vectors                                0x08000000   Data           4  startup_stm32f103xe.o(RESET)
    __Vectors_End                            0x08000130   Data           0  startup_stm32f103xe.o(RESET)
    __main                                   0x08000131   Thumb Code     0  entry.o(.ARM.Collect$$$$00000000)
    _main_stk                                0x08000131   Thumb Code     0  entry2.o(.ARM.Collect$$$$00000001)
    _main_scatterload                        0x08000135   Thumb Code     0  entry5.o(.ARM.Collect$$$$00000004)
    __main_after_scatterload                 0x08000139   Thumb Code     0  entry5.o(.ARM.Collect$$$$00000004)
    _main_clock                              0x08000139   Thumb Code     0  entry7b.o(.ARM.Collect$$$$00000008)
    _main_cpp_init                           0x08000139   Thumb Code     0  entry8b.o(.ARM.Collect$$$$0000000A)
    _main_init                               0x08000139   Thumb Code     0  entry9a.o(.ARM.Collect$$$$0000000B)
    __rt_final_cpp                           0x08000141   Thumb Code     0  entry10a.o(.ARM.Collect$$$$0000000D)
    __rt_final_exit                          0x08000141   Thumb Code     0  entry11a.o(.ARM.Collect$$$$0000000F)
    SVC_Handler                              0x08000145   Thumb Code    32  port.o(.emb_text)
    __asm___6_port_c_39a90d8d__prvStartFirstTask 0x08000169   Thumb Code    28  port.o(.emb_text)
    PendSV_Handler                           0x08000189   Thumb Code    64  port.o(.emb_text)
    ulPortSetInterruptMask                   0x080001cd   Thumb Code    14  port.o(.emb_text)
    vPortClearInterruptMask                  0x080001db   Thumb Code     6  port.o(.emb_text)
    vPortGetIPSR                             0x080001e1   Thumb Code     6  port.o(.emb_text)
    Reset_Handler                            0x080001e9   Thumb Code     8  startup_stm32f103xe.o(.text)
    ADC1_2_IRQHandler                        0x08000203   Thumb Code     0  startup_stm32f103xe.o(.text)
    ADC3_IRQHandler                          0x08000203   Thumb Code     0  startup_stm32f103xe.o(.text)
    CAN1_RX1_IRQHandler                      0x08000203   Thumb Code     0  startup_stm32f103xe.o(.text)
    CAN1_SCE_IRQHandler                      0x08000203   Thumb Code     0  startup_stm32f103xe.o(.text)
    DMA1_Channel2_IRQHandler                 0x08000203   Thumb Code     0  startup_stm32f103xe.o(.text)
    DMA1_Channel3_IRQHandler                 0x08000203   Thumb Code     0  startup_stm32f103xe.o(.text)
    DMA1_Channel4_IRQHandler                 0x08000203   Thumb Code     0  startup_stm32f103xe.o(.text)
    DMA1_Channel5_IRQHandler                 0x08000203   Thumb Code     0  startup_stm32f103xe.o(.text)
    DMA1_Channel6_IRQHandler                 0x08000203   Thumb Code     0  startup_stm32f103xe.o(.text)
    DMA1_Channel7_IRQHandler                 0x08000203   Thumb Code     0  startup_stm32f103xe.o(.text)
    DMA2_Channel1_IRQHandler                 0x08000203   Thumb Code     0  startup_stm32f103xe.o(.text)
    DMA2_Channel2_IRQHandler                 0x08000203   Thumb Code     0  startup_stm32f103xe.o(.text)
    DMA2_Channel3_IRQHandler                 0x08000203   Thumb Code     0  startup_stm32f103xe.o(.text)
    DMA2_Channel4_5_IRQHandler               0x08000203   Thumb Code     0  startup_stm32f103xe.o(.text)
    EXTI0_IRQHandler                         0x08000203   Thumb Code     0  startup_stm32f103xe.o(.text)
    EXTI15_10_IRQHandler                     0x08000203   Thumb Code     0  startup_stm32f103xe.o(.text)
    EXTI1_IRQHandler                         0x08000203   Thumb Code     0  startup_stm32f103xe.o(.text)
    EXTI2_IRQHandler                         0x08000203   Thumb Code     0  startup_stm32f103xe.o(.text)
    EXTI3_IRQHandler                         0x08000203   Thumb Code     0  startup_stm32f103xe.o(.text)
    EXTI4_IRQHandler                         0x08000203   Thumb Code     0  startup_stm32f103xe.o(.text)
    EXTI9_5_IRQHandler                       0x08000203   Thumb Code     0  startup_stm32f103xe.o(.text)
    FLASH_IRQHandler                         0x08000203   Thumb Code     0  startup_stm32f103xe.o(.text)
    FSMC_IRQHandler                          0x08000203   Thumb Code     0  startup_stm32f103xe.o(.text)
    I2C1_ER_IRQHandler                       0x08000203   Thumb Code     0  startup_stm32f103xe.o(.text)
    I2C1_EV_IRQHandler                       0x08000203   Thumb Code     0  startup_stm32f103xe.o(.text)
    I2C2_ER_IRQHandler                       0x08000203   Thumb Code     0  startup_stm32f103xe.o(.text)
    I2C2_EV_IRQHandler                       0x08000203   Thumb Code     0  startup_stm32f103xe.o(.text)
    PVD_IRQHandler                           0x08000203   Thumb Code     0  startup_stm32f103xe.o(.text)
    RCC_IRQHandler                           0x08000203   Thumb Code     0  startup_stm32f103xe.o(.text)
    RTC_Alarm_IRQHandler                     0x08000203   Thumb Code     0  startup_stm32f103xe.o(.text)
    RTC_IRQHandler                           0x08000203   Thumb Code     0  startup_stm32f103xe.o(.text)
    SDIO_IRQHandler                          0x08000203   Thumb Code     0  startup_stm32f103xe.o(.text)
    SPI1_IRQHandler                          0x08000203   Thumb Code     0  startup_stm32f103xe.o(.text)
    SPI2_IRQHandler                          0x08000203   Thumb Code     0  startup_stm32f103xe.o(.text)
    SPI3_IRQHandler                          0x08000203   Thumb Code     0  startup_stm32f103xe.o(.text)
    TAMPER_IRQHandler                        0x08000203   Thumb Code     0  startup_stm32f103xe.o(.text)
    TIM1_BRK_IRQHandler                      0x08000203   Thumb Code     0  startup_stm32f103xe.o(.text)
    TIM1_CC_IRQHandler                       0x08000203   Thumb Code     0  startup_stm32f103xe.o(.text)
    TIM1_TRG_COM_IRQHandler                  0x08000203   Thumb Code     0  startup_stm32f103xe.o(.text)
    TIM1_UP_IRQHandler                       0x08000203   Thumb Code     0  startup_stm32f103xe.o(.text)
    TIM2_IRQHandler                          0x08000203   Thumb Code     0  startup_stm32f103xe.o(.text)
    TIM3_IRQHandler                          0x08000203   Thumb Code     0  startup_stm32f103xe.o(.text)
    TIM5_IRQHandler                          0x08000203   Thumb Code     0  startup_stm32f103xe.o(.text)
    TIM6_IRQHandler                          0x08000203   Thumb Code     0  startup_stm32f103xe.o(.text)
    TIM7_IRQHandler                          0x08000203   Thumb Code     0  startup_stm32f103xe.o(.text)
    TIM8_BRK_IRQHandler                      0x08000203   Thumb Code     0  startup_stm32f103xe.o(.text)
    TIM8_CC_IRQHandler                       0x08000203   Thumb Code     0  startup_stm32f103xe.o(.text)
    TIM8_TRG_COM_IRQHandler                  0x08000203   Thumb Code     0  startup_stm32f103xe.o(.text)
    TIM8_UP_IRQHandler                       0x08000203   Thumb Code     0  startup_stm32f103xe.o(.text)
    UART4_IRQHandler                         0x08000203   Thumb Code     0  startup_stm32f103xe.o(.text)
    UART5_IRQHandler                         0x08000203   Thumb Code     0  startup_stm32f103xe.o(.text)
    USART1_IRQHandler                        0x08000203   Thumb Code     0  startup_stm32f103xe.o(.text)
    USART2_IRQHandler                        0x08000203   Thumb Code     0  startup_stm32f103xe.o(.text)
    USART3_IRQHandler                        0x08000203   Thumb Code     0  startup_stm32f103xe.o(.text)
    USBWakeUp_IRQHandler                     0x08000203   Thumb Code     0  startup_stm32f103xe.o(.text)
    USB_HP_CAN1_TX_IRQHandler                0x08000203   Thumb Code     0  startup_stm32f103xe.o(.text)
    WWDG_IRQHandler                          0x08000203   Thumb Code     0  startup_stm32f103xe.o(.text)
    __aeabi_llsr                             0x0800020d   Thumb Code    32  llushr.o(.text)
    _ll_ushift_r                             0x0800020d   Thumb Code     0  llushr.o(.text)
    __aeabi_memcpy                           0x0800022d   Thumb Code    36  memcpya.o(.text)
    __aeabi_memcpy4                          0x0800022d   Thumb Code     0  memcpya.o(.text)
    __aeabi_memcpy8                          0x0800022d   Thumb Code     0  memcpya.o(.text)
    __aeabi_dmul                             0x08000251   Thumb Code   228  dmul.o(.text)
    __aeabi_ddiv                             0x08000335   Thumb Code   222  ddiv.o(.text)
    __aeabi_ui2d                             0x08000413   Thumb Code    26  dfltui.o(.text)
    __aeabi_d2uiz                            0x0800042d   Thumb Code    50  dfixui.o(.text)
    __I$use$fp                               0x0800045f   Thumb Code     0  iusefp.o(.text)
    _double_round                            0x0800045f   Thumb Code    30  depilogue.o(.text)
    _double_epilogue                         0x0800047d   Thumb Code   156  depilogue.o(.text)
    __scatterload                            0x08000519   Thumb Code    28  init.o(.text)
    __scatterload_rt2                        0x08000519   Thumb Code     0  init.o(.text)
    __aeabi_llsl                             0x0800053d   Thumb Code    30  llshl.o(.text)
    _ll_shift_l                              0x0800053d   Thumb Code     0  llshl.o(.text)
    __decompress                             0x0800055b   Thumb Code     0  __dczerorl2.o(.text)
    __decompress1                            0x0800055b   Thumb Code    86  __dczerorl2.o(.text)
    AD7843                                   0x080005b1   Thumb Code   116  touch.o(i.AD7843)
    ADC_ConversionStop_Disable               0x0800062d   Thumb Code    76  stm32f1xx_hal_adc.o(i.ADC_ConversionStop_Disable)
    ADC_DMAConvCplt                          0x08000679   Thumb Code    78  stm32f1xx_hal_adc.o(i.ADC_DMAConvCplt)
    ADC_DMAError                             0x080006c7   Thumb Code    26  stm32f1xx_hal_adc.o(i.ADC_DMAError)
    ADC_DMAHalfConvCplt                      0x080006e1   Thumb Code    10  stm32f1xx_hal_adc.o(i.ADC_DMAHalfConvCplt)
    ADC_Enable                               0x080006ed   Thumb Code   104  stm32f1xx_hal_adc.o(i.ADC_Enable)
    BusFault_Handler                         0x0800075d   Thumb Code     2  stm32f1xx_it.o(i.BusFault_Handler)
    CAN_SEND_MESSAGE                         0x08000867   Thumb Code    74  task_can.o(i.CAN_SEND_MESSAGE)
    CLR_Screen                               0x080008b1   Thumb Code    50  tft28.o(i.CLR_Screen)
    DMA1_Channel1_IRQHandler                 0x080008e5   Thumb Code     6  stm32f1xx_it.o(i.DMA1_Channel1_IRQHandler)
    DebugMon_Handler                         0x0800090f   Thumb Code     2  stm32f1xx_it.o(i.DebugMon_Handler)
    GUIline                                  0x08000911   Thumb Code   126  gui.o(i.GUIline)
    GUIpoint                                 0x0800098f   Thumb Code    34  gui.o(i.GUIpoint)
    Getpix                                   0x080009b1   Thumb Code   128  touch.o(i.Getpix)
    HAL_ADC_ConfigChannel                    0x08000a49   Thumb Code   346  stm32f1xx_hal_adc.o(i.HAL_ADC_ConfigChannel)
    HAL_ADC_ConvCpltCallback                 0x08000bb1   Thumb Code     2  stm32f1xx_hal_adc.o(i.HAL_ADC_ConvCpltCallback)
    HAL_ADC_ConvHalfCpltCallback             0x08000bb3   Thumb Code     2  stm32f1xx_hal_adc.o(i.HAL_ADC_ConvHalfCpltCallback)
    HAL_ADC_ErrorCallback                    0x08000bb5   Thumb Code     2  stm32f1xx_hal_adc.o(i.HAL_ADC_ErrorCallback)
    HAL_ADC_Init                             0x08000bb9   Thumb Code   316  stm32f1xx_hal_adc.o(i.HAL_ADC_Init)
    HAL_ADC_MspInit                          0x08000d01   Thumb Code   102  adc.o(i.HAL_ADC_MspInit)
    HAL_ADC_Start_DMA                        0x08000d8d   Thumb Code   246  stm32f1xx_hal_adc.o(i.HAL_ADC_Start_DMA)
    HAL_CAN_ConfigFilter                     0x08000e99   Thumb Code   242  stm32f1xx_hal_can.o(i.HAL_CAN_ConfigFilter)
    HAL_CAN_ErrorCallback                    0x08000f8b   Thumb Code     2  stm32f1xx_hal_can.o(i.HAL_CAN_ErrorCallback)
    HAL_CAN_IRQHandler                       0x08000f8d   Thumb Code   388  stm32f1xx_hal_can.o(i.HAL_CAN_IRQHandler)
    HAL_CAN_Init                             0x0800111d   Thumb Code   274  stm32f1xx_hal_can.o(i.HAL_CAN_Init)
    HAL_CAN_MspInit                          0x08001231   Thumb Code    92  can.o(i.HAL_CAN_MspInit)
    HAL_CAN_Receive_IT                       0x08001299   Thumb Code   100  stm32f1xx_hal_can.o(i.HAL_CAN_Receive_IT)
    HAL_CAN_RxCpltCallback                   0x080012fd   Thumb Code   108  task_can.o(i.HAL_CAN_RxCpltCallback)
    HAL_CAN_Transmit                         0x08001381   Thumb Code   388  stm32f1xx_hal_can.o(i.HAL_CAN_Transmit)
    HAL_CAN_TxCpltCallback                   0x08001511   Thumb Code     2  stm32f1xx_hal_can.o(i.HAL_CAN_TxCpltCallback)
    HAL_DMA_IRQHandler                       0x08001515   Thumb Code  1198  stm32f1xx_hal_dma.o(i.HAL_DMA_IRQHandler)
    HAL_DMA_Init                             0x080019cd   Thumb Code    80  stm32f1xx_hal_dma.o(i.HAL_DMA_Init)
    HAL_DMA_Start_IT                         0x08001a1d   Thumb Code    88  stm32f1xx_hal_dma.o(i.HAL_DMA_Start_IT)
    HAL_Delay                                0x08001a75   Thumb Code    22  stm32f1xx_hal.o(i.HAL_Delay)
    HAL_GPIO_Init                            0x08001a8d   Thumb Code   446  stm32f1xx_hal_gpio.o(i.HAL_GPIO_Init)
    HAL_GPIO_ReadPin                         0x08001c75   Thumb Code    10  stm32f1xx_hal_gpio.o(i.HAL_GPIO_ReadPin)
    HAL_GPIO_WritePin                        0x08001c7f   Thumb Code    10  stm32f1xx_hal_gpio.o(i.HAL_GPIO_WritePin)
    HAL_GetTick                              0x08001c89   Thumb Code     6  stm32f1xx_hal.o(i.HAL_GetTick)
    HAL_IncTick                              0x08001c95   Thumb Code    10  stm32f1xx_hal.o(i.HAL_IncTick)
    HAL_Init                                 0x08001ca5   Thumb Code    32  stm32f1xx_hal.o(i.HAL_Init)
    HAL_InitTick                             0x08001cc9   Thumb Code   100  stm32f1xx_hal_timebase_tim.o(i.HAL_InitTick)
    HAL_MspInit                              0x08001d3d   Thumb Code   118  stm32f1xx_hal_msp.o(i.HAL_MspInit)
    HAL_NVIC_EnableIRQ                       0x08001dbd   Thumb Code    22  stm32f1xx_hal_cortex.o(i.HAL_NVIC_EnableIRQ)
    HAL_NVIC_SetPriority                     0x08001dd5   Thumb Code    60  stm32f1xx_hal_cortex.o(i.HAL_NVIC_SetPriority)
    HAL_NVIC_SetPriorityGrouping             0x08001e15   Thumb Code    26  stm32f1xx_hal_cortex.o(i.HAL_NVIC_SetPriorityGrouping)
    HAL_RCCEx_PeriphCLKConfig                0x08001e39   Thumb Code   288  stm32f1xx_hal_rcc_ex.o(i.HAL_RCCEx_PeriphCLKConfig)
    HAL_RCC_ClockConfig                      0x08001f65   Thumb Code   374  stm32f1xx_hal_rcc.o(i.HAL_RCC_ClockConfig)
    HAL_RCC_GetClockConfig                   0x080020ed   Thumb Code    54  stm32f1xx_hal_rcc.o(i.HAL_RCC_GetClockConfig)
    HAL_RCC_GetHCLKFreq                      0x0800212d   Thumb Code     6  stm32f1xx_hal_rcc.o(i.HAL_RCC_GetHCLKFreq)
    HAL_RCC_GetPCLK1Freq                     0x08002139   Thumb Code    34  stm32f1xx_hal_rcc.o(i.HAL_RCC_GetPCLK1Freq)
    HAL_RCC_GetPCLK2Freq                     0x08002169   Thumb Code    34  stm32f1xx_hal_rcc.o(i.HAL_RCC_GetPCLK2Freq)
    HAL_RCC_GetSysClockFreq                  0x08002199   Thumb Code   102  stm32f1xx_hal_rcc.o(i.HAL_RCC_GetSysClockFreq)
    HAL_RCC_OscConfig                        0x08002221   Thumb Code  1406  stm32f1xx_hal_rcc.o(i.HAL_RCC_OscConfig)
    HAL_SYSTICK_CLKSourceConfig              0x0800279f   Thumb Code    24  stm32f1xx_hal_cortex.o(i.HAL_SYSTICK_CLKSourceConfig)
    HAL_SYSTICK_Config                       0x080027b7   Thumb Code    40  stm32f1xx_hal_cortex.o(i.HAL_SYSTICK_Config)
    HAL_TIMEx_BreakCallback                  0x080027df   Thumb Code     2  stm32f1xx_hal_tim_ex.o(i.HAL_TIMEx_BreakCallback)
    HAL_TIMEx_CommutationCallback            0x080027e1   Thumb Code     2  stm32f1xx_hal_tim_ex.o(i.HAL_TIMEx_CommutationCallback)
    HAL_TIM_Base_Init                        0x080027e3   Thumb Code    54  stm32f1xx_hal_tim.o(i.HAL_TIM_Base_Init)
    HAL_TIM_Base_MspInit                     0x08002819   Thumb Code     2  stm32f1xx_hal_tim.o(i.HAL_TIM_Base_MspInit)
    HAL_TIM_Base_Start_IT                    0x0800281b   Thumb Code    24  stm32f1xx_hal_tim.o(i.HAL_TIM_Base_Start_IT)
    HAL_TIM_IC_CaptureCallback               0x08002833   Thumb Code     2  stm32f1xx_hal_tim.o(i.HAL_TIM_IC_CaptureCallback)
    HAL_TIM_IRQHandler                       0x08002835   Thumb Code   358  stm32f1xx_hal_tim.o(i.HAL_TIM_IRQHandler)
    HAL_TIM_OC_DelayElapsedCallback          0x0800299b   Thumb Code     2  stm32f1xx_hal_tim.o(i.HAL_TIM_OC_DelayElapsedCallback)
    HAL_TIM_PWM_PulseFinishedCallback        0x0800299d   Thumb Code     2  stm32f1xx_hal_tim.o(i.HAL_TIM_PWM_PulseFinishedCallback)
    HAL_TIM_PeriodElapsedCallback            0x080029a1   Thumb Code    14  main.o(i.HAL_TIM_PeriodElapsedCallback)
    HAL_TIM_TriggerCallback                  0x080029b5   Thumb Code     2  stm32f1xx_hal_tim.o(i.HAL_TIM_TriggerCallback)
    HAL_UART_Init                            0x080029b7   Thumb Code    94  stm32f1xx_hal_uart.o(i.HAL_UART_Init)
    HAL_UART_MspInit                         0x08002a15   Thumb Code    76  usart.o(i.HAL_UART_MspInit)
    HAL_UART_Transmit                        0x08002a6d   Thumb Code   204  stm32f1xx_hal_uart.o(i.HAL_UART_Transmit)
    HardFault_Handler                        0x08002b39   Thumb Code     2  stm32f1xx_it.o(i.HardFault_Handler)
    LCD_PutChar                              0x08002b3d   Thumb Code    78  tft28.o(i.LCD_PutChar)
    LCD_PutString24                          0x08002b91   Thumb Code    92  tft28.o(i.LCD_PutString24)
    LCD_SetPos                               0x08002bed   Thumb Code    72  tft28.o(i.LCD_SetPos)
    MX_ADC1_Init                             0x08002c35   Thumb Code    74  adc.o(i.MX_ADC1_Init)
    MX_CAN_Init                              0x08002c99   Thumb Code   102  can.o(i.MX_CAN_Init)
    MX_DMA_Init                              0x08002d19   Thumb Code    40  dma.o(i.MX_DMA_Init)
    MX_FREERTOS_Init                         0x08002d45   Thumb Code    74  freertos.o(i.MX_FREERTOS_Init)
    MX_GPIO_Init                             0x08002d99   Thumb Code   214  gpio.o(i.MX_GPIO_Init)
    MX_USART1_UART_Init                      0x08002e81   Thumb Code    52  usart.o(i.MX_USART1_UART_Init)
    MemManage_Handler                        0x08002ecd   Thumb Code     2  stm32f1xx_it.o(i.MemManage_Handler)
    NMI_Handler                              0x08002ecf   Thumb Code     2  stm32f1xx_it.o(i.NMI_Handler)
    Print_result                             0x08002ef1   Thumb Code   186  task_print.o(i.Print_result)
    PutGB2424                                0x08002fb1   Thumb Code   120  tft28.o(i.PutGB2424)
    Read_7843                                0x0800302d   Thumb Code    66  touch.o(i.Read_7843)
    StartDefaultTask                         0x08003075   Thumb Code    20  freertos.o(i.StartDefaultTask)
    StartTask02                              0x08003089   Thumb Code    20  freertos.o(i.StartTask02)
    StartTask03                              0x0800309d   Thumb Code   108  freertos.o(i.StartTask03)
    SysTick_Handler                          0x08003111   Thumb Code     4  stm32f1xx_it.o(i.SysTick_Handler)
    SystemClock_Config                       0x08003115   Thumb Code   122  main.o(i.SystemClock_Config)
    SystemInit                               0x08003191   Thumb Code    56  system_stm32f1xx.o(i.SystemInit)
    TFT_Initial                              0x080031d9   Thumb Code  1346  tft28.o(i.TFT_Initial)
    TIM4_IRQHandler                          0x0800371d   Thumb Code     6  stm32f1xx_it.o(i.TIM4_IRQHandler)
    TIM_Base_SetConfig                       0x08003729   Thumb Code   112  stm32f1xx_hal_tim.o(i.TIM_Base_SetConfig)
    U1_SendH                                 0x080037ad   Thumb Code    20  task_print.o(i.U1_SendH)
    USB_LP_CAN1_RX0_IRQHandler               0x080039c9   Thumb Code     6  stm32f1xx_it.o(i.USB_LP_CAN1_RX0_IRQHandler)
    UsageFault_Handler                       0x080039d5   Thumb Code     2  stm32f1xx_it.o(i.UsageFault_Handler)
    Write_7843                               0x080039d9   Thumb Code    72  touch.o(i.Write_7843)
    Write_Cmd                                0x08003a29   Thumb Code   162  tft28.o(i.Write_Cmd)
    Write_Cmd_Data                           0x08003add   Thumb Code    28  tft28.o(i.Write_Cmd_Data)
    Write_Data                               0x08003af9   Thumb Code   152  tft28.o(i.Write_Data)
    Write_Data_U16                           0x08003ba1   Thumb Code    12  tft28.o(i.Write_Data_U16)
    _Error_Handler                           0x08003bad   Thumb Code     2  main.o(i._Error_Handler)
    __scatterload_copy                       0x08003baf   Thumb Code    14  handlers.o(i.__scatterload_copy)
    __scatterload_null                       0x08003bbd   Thumb Code     2  handlers.o(i.__scatterload_null)
    __scatterload_zeroinit                   0x08003bbf   Thumb Code    14  handlers.o(i.__scatterload_zeroinit)
    delay_us                                 0x08003bcd   Thumb Code    24  task_flip.o(i.delay_us)
    delayms                                  0x08003be5   Thumb Code    24  tft28.o(i.delayms)
    display_init                             0x08003bfd   Thumb Code    62  task_display.o(i.display_init)
    main                                     0x08003c49   Thumb Code    38  main.o(i.main)
    my_gui                                   0x08003c7d   Thumb Code   694  task_display.o(i.my_gui)
    one                                      0x08003f81   Thumb Code   134  task_display.o(i.one)
    osDelay                                  0x0800403d   Thumb Code    14  cmsis_os.o(i.osDelay)
    osKernelStart                            0x0800404b   Thumb Code    10  cmsis_os.o(i.osKernelStart)
    osSystickHandler                         0x08004055   Thumb Code    20  cmsis_os.o(i.osSystickHandler)
    osThreadCreate                           0x08004069   Thumb Code    56  cmsis_os.o(i.osThreadCreate)
    pix_filter                               0x080040a1   Thumb Code    56  touch.o(i.pix_filter)
    pvPortMalloc                             0x08004251   Thumb Code   182  heap_4.o(i.pvPortMalloc)
    pxPortInitialiseStack                    0x0800430d   Thumb Code    28  port.o(i.pxPortInitialiseStack)
    start_7843                               0x0800432d   Thumb Code    64  touch.o(i.start_7843)
    start_flip                               0x08004375   Thumb Code    90  task_flip.o(i.start_flip)
    temp_control                             0x080043dd   Thumb Code   138  task_temp.o(i.temp_control)
    temp_init                                0x08004475   Thumb Code     2  task_temp.o(i.temp_init)
    uxListRemove                             0x08004477   Thumb Code    36  list.o(i.uxListRemove)
    vListInitialise                          0x0800449b   Thumb Code    22  list.o(i.vListInitialise)
    vListInitialiseItem                      0x080044b1   Thumb Code     6  list.o(i.vListInitialiseItem)
    vListInsert                              0x080044b7   Thumb Code    48  list.o(i.vListInsert)
    vListInsertEnd                           0x080044e7   Thumb Code    24  list.o(i.vListInsertEnd)
    vPortEnterCritical                       0x08004501   Thumb Code    44  port.o(i.vPortEnterCritical)
    vPortExitCritical                        0x08004535   Thumb Code    30  port.o(i.vPortExitCritical)
    vPortFree                                0x08004559   Thumb Code    68  heap_4.o(i.vPortFree)
    vPortSetupTimerInterrupt                 0x080045a1   Thumb Code    26  port.o(i.vPortSetupTimerInterrupt)
    vPortYield                               0x080045c1   Thumb Code    18  port.o(i.vPortYield)
    vTaskDelay                               0x080045d9   Thumb Code    76  tasks.o(i.vTaskDelay)
    vTaskStartScheduler                      0x08004629   Thumb Code    66  tasks.o(i.vTaskStartScheduler)
    vTaskSuspendAll                          0x0800467d   Thumb Code    10  tasks.o(i.vTaskSuspendAll)
    vTaskSwitchContext                       0x0800468d   Thumb Code    74  tasks.o(i.vTaskSwitchContext)
    xPortStartScheduler                      0x080046e1   Thumb Code   102  port.o(i.xPortStartScheduler)
    xPortSysTickHandler                      0x08004755   Thumb Code    30  port.o(i.xPortSysTickHandler)
    xTaskGenericCreate                       0x08004779   Thumb Code   372  tasks.o(i.xTaskGenericCreate)
    xTaskGetSchedulerState                   0x080048f5   Thumb Code    22  tasks.o(i.xTaskGetSchedulerState)
    xTaskIncrementTick                       0x08004911   Thumb Code   184  tasks.o(i.xTaskIncrementTick)
    xTaskResumeAll                           0x080049d1   Thumb Code   162  tasks.o(i.xTaskResumeAll)
    Font8x16                                 0x08004ab8   Data        1536  tft28.o(.constdata)
    codeGB_24                                0x080050b8   Data         740  tft28.o(.constdata)
    ch16                                     0x0800539c   Data         884  tft28.o(.constdata)
    AHBPrescTable                            0x08005710   Data          16  system_stm32f1xx.o(.constdata)
    APBPrescTable                            0x08005720   Data           8  system_stm32f1xx.o(.constdata)
    Region$$Table$$Base                      0x0800574c   Number         0  anon$$obj.o(Region$$Table)
    Region$$Table$$Limit                     0x0800576c   Number         0  anon$$obj.o(Region$$Table)
    start                                    0x20000000   Data           1  freertos.o(.data)
    ph_ok                                    0x20000004   Data           1  freertos.o(.data)
    flip_ok                                  0x20000005   Data           1  freertos.o(.data)
    EN_PUT                                   0x20000006   Data           1  freertos.o(.data)
    defaultTaskHandle                        0x20000008   Data           4  freertos.o(.data)
    myTask02Handle                           0x2000000c   Data           4  freertos.o(.data)
    myTask03Handle                           0x20000010   Data           4  freertos.o(.data)
    redataMOTOR                              0x20000014   Data           8  freertos.o(.data)
    redataCOLOR                              0x2000001c   Data           8  freertos.o(.data)
    MYID                                     0x20000024   Data           1  freertos.o(.data)
    lx                                       0x20000028   Data           4  touch.o(.data)
    ly                                       0x2000002c   Data           4  touch.o(.data)
    coordinate                               0x20000030   Data           8  touch.o(.data)
    flag_print                               0x20000038   Data           1  task_display.o(.data)
    flag_stop                                0x20000039   Data           1  task_display.o(.data)
    cmd                                      0x2000003a   Data           1  task_display.o(.data)
    Device_code                              0x2000003c   Data           4  task_display.o(.data)
    xm                                       0x20000040   Data           4  task_display.o(.data)
    ym                                       0x20000044   Data           4  task_display.o(.data)
    count_flip                               0x20000048   Data           2  task_flip.o(.data)
    target_flip                              0x2000004a   Data           2  task_flip.o(.data)
    title                                    0x2000004c   Data          25  task_print.o(.data)
    Test_data1                               0x20000065   Data          21  task_print.o(.data)
    Test_data2                               0x2000007a   Data          16  task_print.o(.data)
    Test_data3                               0x2000008a   Data          16  task_print.o(.data)
    Test_data4                               0x2000009a   Data          26  task_print.o(.data)
    Test_data5                               0x200000b4   Data          30  task_print.o(.data)
    Test_data6                               0x200000d2   Data          23  task_print.o(.data)
    TEMP                                     0x200000ec   Data           1  task_temp.o(.data)
    SHI                                      0x200000ed   Data           1  task_temp.o(.data)
    GE                                       0x200000ee   Data           1  task_temp.o(.data)
    temp                                     0x200000f0   Data           4  task_temp.o(.data)
    arr_t                                    0x200000f4   Data           4  task_temp.o(.data)
    pxCurrentTCB                             0x200000f8   Data           4  tasks.o(.data)
    SystemCoreClock                          0x20000158   Data           4  system_stm32f1xx.o(.data)
    huart1                                   0x2000015c   Data          64  usart.o(.bss)
    hcan                                     0x2000019c   Data          64  can.o(.bss)
    htim4                                    0x2000021c   Data          60  stm32f1xx_hal_timebase_tim.o(.bss)
    hadc1                                    0x20000258   Data          48  adc.o(.bss)
    hdma_adc1                                0x20000288   Data          56  adc.o(.bss)
    __initial_sp                             0x200013b0   Data           0  startup_stm32f103xe.o(STACK)



==============================================================================

Memory Map of the image

  Image Entry point : 0x08000131

  Load Region LR_IROM1 (Base: 0x08000000, Size: 0x000058c8, Max: 0x00040000, ABSOLUTE, COMPRESSED[0x000057f0])

    Execution Region ER_IROM1 (Base: 0x08000000, Size: 0x0000576c, Max: 0x00040000, ABSOLUTE)

    Base Addr    Size         Type   Attr      Idx    E Section Name        Object

    0x08000000   0x00000130   Data   RO         2031    RESET               startup_stm32f103xe.o
    0x08000130   0x00000000   Code   RO         4457  * .ARM.Collect$$$$00000000  mc_w.l(entry.o)
    0x08000130   0x00000004   Code   RO         4474    .ARM.Collect$$$$00000001  mc_w.l(entry2.o)
    0x08000134   0x00000004   Code   RO         4477    .ARM.Collect$$$$00000004  mc_w.l(entry5.o)
    0x08000138   0x00000000   Code   RO         4479    .ARM.Collect$$$$00000008  mc_w.l(entry7b.o)
    0x08000138   0x00000000   Code   RO         4481    .ARM.Collect$$$$0000000A  mc_w.l(entry8b.o)
    0x08000138   0x00000008   Code   RO         4482    .ARM.Collect$$$$0000000B  mc_w.l(entry9a.o)
    0x08000140   0x00000000   Code   RO         4484    .ARM.Collect$$$$0000000D  mc_w.l(entry10a.o)
    0x08000140   0x00000000   Code   RO         4486    .ARM.Collect$$$$0000000F  mc_w.l(entry11a.o)
    0x08000140   0x00000004   Code   RO         4475    .ARM.Collect$$$$00002712  mc_w.l(entry2.o)
    0x08000144   0x000000a2   Code   RO         1958    .emb_text           port.o
    0x080001e6   0x00000002   PAD
    0x080001e8   0x00000024   Code   RO         2032    .text               startup_stm32f103xe.o
    0x0800020c   0x00000020   Code   RO         4460    .text               mc_w.l(llushr.o)
    0x0800022c   0x00000024   Code   RO         4462    .text               mc_w.l(memcpya.o)
    0x08000250   0x000000e4   Code   RO         4466    .text               mf_w.l(dmul.o)
    0x08000334   0x000000de   Code   RO         4468    .text               mf_w.l(ddiv.o)
    0x08000412   0x0000001a   Code   RO         4470    .text               mf_w.l(dfltui.o)
    0x0800042c   0x00000032   Code   RO         4472    .text               mf_w.l(dfixui.o)
    0x0800045e   0x00000000   Code   RO         4488    .text               mc_w.l(iusefp.o)
    0x0800045e   0x000000ba   Code   RO         4489    .text               mf_w.l(depilogue.o)
    0x08000518   0x00000024   Code   RO         4491    .text               mc_w.l(init.o)
    0x0800053c   0x0000001e   Code   RO         4493    .text               mc_w.l(llshl.o)
    0x0800055a   0x00000056   Code   RO         4503    .text               mc_w.l(__dczerorl2.o)
    0x080005b0   0x0000007c   Code   RO          778    i.AD7843            touch.o
    0x0800062c   0x0000004c   Code   RO         4242    i.ADC_ConversionStop_Disable  stm32f1xx_hal_adc.o
    0x08000678   0x0000004e   Code   RO         4243    i.ADC_DMAConvCplt   stm32f1xx_hal_adc.o
    0x080006c6   0x0000001a   Code   RO         4244    i.ADC_DMAError      stm32f1xx_hal_adc.o
    0x080006e0   0x0000000a   Code   RO         4245    i.ADC_DMAHalfConvCplt  stm32f1xx_hal_adc.o
    0x080006ea   0x00000002   PAD
    0x080006ec   0x00000070   Code   RO         4246    i.ADC_Enable        stm32f1xx_hal_adc.o
    0x0800075c   0x00000002   Code   RO          418    i.BusFault_Handler  stm32f1xx_it.o
    0x0800075e   0x00000108   Code   RO         3904    i.CAN_Receive_IT    stm32f1xx_hal_can.o
    0x08000866   0x0000004a   Code   RO          859    i.CAN_SEND_MESSAGE  task_can.o
    0x080008b0   0x00000032   Code   RO          652    i.CLR_Screen        tft28.o
    0x080008e2   0x00000002   PAD
    0x080008e4   0x0000000c   Code   RO          419    i.DMA1_Channel1_IRQHandler  stm32f1xx_it.o
    0x080008f0   0x0000001e   Code   RO         3437    i.DMA_SetConfig     stm32f1xx_hal_dma.o
    0x0800090e   0x00000002   Code   RO          420    i.DebugMon_Handler  stm32f1xx_it.o
    0x08000910   0x0000007e   Code   RO          606    i.GUIline           gui.o
    0x0800098e   0x00000022   Code   RO          607    i.GUIpoint          gui.o
    0x080009b0   0x00000098   Code   RO          780    i.Getpix            touch.o
    0x08000a48   0x00000168   Code   RO         4248    i.HAL_ADC_ConfigChannel  stm32f1xx_hal_adc.o
    0x08000bb0   0x00000002   Code   RO         4249    i.HAL_ADC_ConvCpltCallback  stm32f1xx_hal_adc.o
    0x08000bb2   0x00000002   Code   RO         4250    i.HAL_ADC_ConvHalfCpltCallback  stm32f1xx_hal_adc.o
    0x08000bb4   0x00000002   Code   RO         4252    i.HAL_ADC_ErrorCallback  stm32f1xx_hal_adc.o
    0x08000bb6   0x00000002   PAD
    0x08000bb8   0x00000148   Code   RO         4257    i.HAL_ADC_Init      stm32f1xx_hal_adc.o
    0x08000d00   0x0000008c   Code   RO          565    i.HAL_ADC_MspInit   adc.o
    0x08000d8c   0x0000010c   Code   RO         4264    i.HAL_ADC_Start_DMA  stm32f1xx_hal_adc.o
    0x08000e98   0x000000f2   Code   RO         3905    i.HAL_CAN_ConfigFilter  stm32f1xx_hal_can.o
    0x08000f8a   0x00000002   Code   RO         3907    i.HAL_CAN_ErrorCallback  stm32f1xx_hal_can.o
    0x08000f8c   0x00000190   Code   RO         3910    i.HAL_CAN_IRQHandler  stm32f1xx_hal_can.o
    0x0800111c   0x00000112   Code   RO         3911    i.HAL_CAN_Init      stm32f1xx_hal_can.o
    0x0800122e   0x00000002   PAD
    0x08001230   0x00000068   Code   RO          372    i.HAL_CAN_MspInit   can.o
    0x08001298   0x00000064   Code   RO         3915    i.HAL_CAN_Receive_IT  stm32f1xx_hal_can.o
    0x080012fc   0x00000084   Code   RO          860    i.HAL_CAN_RxCpltCallback  task_can.o
    0x08001380   0x00000190   Code   RO         3918    i.HAL_CAN_Transmit  stm32f1xx_hal_can.o
    0x08001510   0x00000002   Code   RO         3920    i.HAL_CAN_TxCpltCallback  stm32f1xx_hal_can.o
    0x08001512   0x00000002   PAD
    0x08001514   0x000004b8   Code   RO         3442    i.HAL_DMA_IRQHandler  stm32f1xx_hal_dma.o
    0x080019cc   0x00000050   Code   RO         3443    i.HAL_DMA_Init      stm32f1xx_hal_dma.o
    0x08001a1c   0x00000058   Code   RO         3446    i.HAL_DMA_Start_IT  stm32f1xx_hal_dma.o
    0x08001a74   0x00000016   Code   RO         3310    i.HAL_Delay         stm32f1xx_hal.o
    0x08001a8a   0x00000002   PAD
    0x08001a8c   0x000001e8   Code   RO         2144    i.HAL_GPIO_Init     stm32f1xx_hal_gpio.o
    0x08001c74   0x0000000a   Code   RO         2146    i.HAL_GPIO_ReadPin  stm32f1xx_hal_gpio.o
    0x08001c7e   0x0000000a   Code   RO         2148    i.HAL_GPIO_WritePin  stm32f1xx_hal_gpio.o
    0x08001c88   0x0000000c   Code   RO         3314    i.HAL_GetTick       stm32f1xx_hal.o
    0x08001c94   0x00000010   Code   RO         3315    i.HAL_IncTick       stm32f1xx_hal.o
    0x08001ca4   0x00000024   Code   RO         3316    i.HAL_Init          stm32f1xx_hal.o
    0x08001cc8   0x00000074   Code   RO          500    i.HAL_InitTick      stm32f1xx_hal_timebase_tim.o
    0x08001d3c   0x00000080   Code   RO          284    i.HAL_MspInit       stm32f1xx_hal_msp.o
    0x08001dbc   0x00000016   Code   RO         4031    i.HAL_NVIC_EnableIRQ  stm32f1xx_hal_cortex.o
    0x08001dd2   0x00000002   PAD
    0x08001dd4   0x00000040   Code   RO         4037    i.HAL_NVIC_SetPriority  stm32f1xx_hal_cortex.o
    0x08001e14   0x00000024   Code   RO         4038    i.HAL_NVIC_SetPriorityGrouping  stm32f1xx_hal_cortex.o
    0x08001e38   0x0000012c   Code   RO         3552    i.HAL_RCCEx_PeriphCLKConfig  stm32f1xx_hal_rcc_ex.o
    0x08001f64   0x00000188   Code   RO         2040    i.HAL_RCC_ClockConfig  stm32f1xx_hal_rcc.o
    0x080020ec   0x00000040   Code   RO         2044    i.HAL_RCC_GetClockConfig  stm32f1xx_hal_rcc.o
    0x0800212c   0x0000000c   Code   RO         2045    i.HAL_RCC_GetHCLKFreq  stm32f1xx_hal_rcc.o
    0x08002138   0x00000030   Code   RO         2047    i.HAL_RCC_GetPCLK1Freq  stm32f1xx_hal_rcc.o
    0x08002168   0x00000030   Code   RO         2048    i.HAL_RCC_GetPCLK2Freq  stm32f1xx_hal_rcc.o
    0x08002198   0x00000088   Code   RO         2049    i.HAL_RCC_GetSysClockFreq  stm32f1xx_hal_rcc.o
    0x08002220   0x0000057e   Code   RO         2052    i.HAL_RCC_OscConfig  stm32f1xx_hal_rcc.o
    0x0800279e   0x00000018   Code   RO         4040    i.HAL_SYSTICK_CLKSourceConfig  stm32f1xx_hal_cortex.o
    0x080027b6   0x00000028   Code   RO         4042    i.HAL_SYSTICK_Config  stm32f1xx_hal_cortex.o
    0x080027de   0x00000002   Code   RO         3671    i.HAL_TIMEx_BreakCallback  stm32f1xx_hal_tim_ex.o
    0x080027e0   0x00000002   Code   RO         3672    i.HAL_TIMEx_CommutationCallback  stm32f1xx_hal_tim_ex.o
    0x080027e2   0x00000036   Code   RO         2209    i.HAL_TIM_Base_Init  stm32f1xx_hal_tim.o
    0x08002818   0x00000002   Code   RO         2211    i.HAL_TIM_Base_MspInit  stm32f1xx_hal_tim.o
    0x0800281a   0x00000018   Code   RO         2214    i.HAL_TIM_Base_Start_IT  stm32f1xx_hal_tim.o
    0x08002832   0x00000002   Code   RO         2238    i.HAL_TIM_IC_CaptureCallback  stm32f1xx_hal_tim.o
    0x08002834   0x00000166   Code   RO         2251    i.HAL_TIM_IRQHandler  stm32f1xx_hal_tim.o
    0x0800299a   0x00000002   Code   RO         2254    i.HAL_TIM_OC_DelayElapsedCallback  stm32f1xx_hal_tim.o
    0x0800299c   0x00000002   Code   RO         2281    i.HAL_TIM_PWM_PulseFinishedCallback  stm32f1xx_hal_tim.o
    0x0800299e   0x00000002   PAD
    0x080029a0   0x00000014   Code   RO          308    i.HAL_TIM_PeriodElapsedCallback  main.o
    0x080029b4   0x00000002   Code   RO         2292    i.HAL_TIM_TriggerCallback  stm32f1xx_hal_tim.o
    0x080029b6   0x0000005e   Code   RO         2979    i.HAL_UART_Init     stm32f1xx_hal_uart.o
    0x08002a14   0x00000058   Code   RO            5    i.HAL_UART_MspInit  usart.o
    0x08002a6c   0x000000cc   Code   RO         2987    i.HAL_UART_Transmit  stm32f1xx_hal_uart.o
    0x08002b38   0x00000002   Code   RO          421    i.HardFault_Handler  stm32f1xx_it.o
    0x08002b3a   0x00000002   PAD
    0x08002b3c   0x00000054   Code   RO          654    i.LCD_PutChar       tft28.o
    0x08002b90   0x0000005c   Code   RO          657    i.LCD_PutString24   tft28.o
    0x08002bec   0x00000048   Code   RO          658    i.LCD_SetPos        tft28.o
    0x08002c34   0x00000064   Code   RO          566    i.MX_ADC1_Init      adc.o
    0x08002c98   0x00000080   Code   RO          373    i.MX_CAN_Init       can.o
    0x08002d18   0x0000002c   Code   RO          540    i.MX_DMA_Init       dma.o
    0x08002d44   0x00000054   Code   RO          171    i.MX_FREERTOS_Init  freertos.o
    0x08002d98   0x000000e8   Code   RO          148    i.MX_GPIO_Init      gpio.o
    0x08002e80   0x0000004c   Code   RO            6    i.MX_USART1_UART_Init  usart.o
    0x08002ecc   0x00000002   Code   RO          422    i.MemManage_Handler  stm32f1xx_it.o
    0x08002ece   0x00000002   Code   RO          423    i.NMI_Handler       stm32f1xx_it.o
    0x08002ed0   0x00000020   Code   RO         4044    i.NVIC_SetPriority  stm32f1xx_hal_cortex.o
    0x08002ef0   0x000000c0   Code   RO          983    i.Print_result      task_print.o
    0x08002fb0   0x0000007c   Code   RO          660    i.PutGB2424         tft28.o
    0x0800302c   0x00000048   Code   RO          782    i.Read_7843         touch.o
    0x08003074   0x00000014   Code   RO          172    i.StartDefaultTask  freertos.o
    0x08003088   0x00000014   Code   RO          173    i.StartTask02       freertos.o
    0x0800309c   0x00000074   Code   RO          174    i.StartTask03       freertos.o
    0x08003110   0x00000004   Code   RO          424    i.SysTick_Handler   stm32f1xx_it.o
    0x08003114   0x0000007a   Code   RO          309    i.SystemClock_Config  main.o
    0x0800318e   0x00000002   PAD
    0x08003190   0x00000048   Code   RO         4423    i.SystemInit        system_stm32f1xx.o
    0x080031d8   0x00000542   Code   RO          663    i.TFT_Initial       tft28.o
    0x0800371a   0x00000002   PAD
    0x0800371c   0x0000000c   Code   RO          425    i.TIM4_IRQHandler   stm32f1xx_it.o
    0x08003728   0x00000084   Code   RO         2293    i.TIM_Base_SetConfig  stm32f1xx_hal_tim.o
    0x080037ac   0x00000018   Code   RO          984    i.U1_SendH          task_print.o
    0x080037c4   0x00000170   Code   RO         2998    i.UART_SetConfig    stm32f1xx_hal_uart.o
    0x08003934   0x00000092   Code   RO         3000    i.UART_WaitOnFlagUntilTimeout  stm32f1xx_hal_uart.o
    0x080039c6   0x00000002   PAD
    0x080039c8   0x0000000c   Code   RO          426    i.USB_LP_CAN1_RX0_IRQHandler  stm32f1xx_it.o
    0x080039d4   0x00000002   Code   RO          427    i.UsageFault_Handler  stm32f1xx_it.o
    0x080039d6   0x00000002   PAD
    0x080039d8   0x00000050   Code   RO          783    i.Write_7843        touch.o
    0x08003a28   0x000000b4   Code   RO          664    i.Write_Cmd         tft28.o
    0x08003adc   0x0000001c   Code   RO          665    i.Write_Cmd_Data    tft28.o
    0x08003af8   0x000000a8   Code   RO          666    i.Write_Data        tft28.o
    0x08003ba0   0x0000000c   Code   RO          667    i.Write_Data_U16    tft28.o
    0x08003bac   0x00000002   Code   RO          310    i._Error_Handler    main.o
    0x08003bae   0x0000000e   Code   RO         4497    i.__scatterload_copy  mc_w.l(handlers.o)
    0x08003bbc   0x00000002   Code   RO         4498    i.__scatterload_null  mc_w.l(handlers.o)
    0x08003bbe   0x0000000e   Code   RO         4499    i.__scatterload_zeroinit  mc_w.l(handlers.o)
    0x08003bcc   0x00000018   Code   RO          944    i.delay_us          task_flip.o
    0x08003be4   0x00000018   Code   RO          668    i.delayms           tft28.o
    0x08003bfc   0x0000004c   Code   RO          896    i.display_init      task_display.o
    0x08003c48   0x00000026   Code   RO          311    i.main              main.o
    0x08003c6e   0x0000000c   Code   RO         1404    i.makeFreeRtosPriority  cmsis_os.o
    0x08003c7a   0x00000002   PAD
    0x08003c7c   0x00000304   Code   RO          897    i.my_gui            task_display.o
    0x08003f80   0x000000bc   Code   RO          898    i.one               task_display.o
    0x0800403c   0x0000000e   Code   RO         1405    i.osDelay           cmsis_os.o
    0x0800404a   0x0000000a   Code   RO         1408    i.osKernelStart     cmsis_os.o
    0x08004054   0x00000014   Code   RO         1437    i.osSystickHandler  cmsis_os.o
    0x08004068   0x00000038   Code   RO         1438    i.osThreadCreate    cmsis_os.o
    0x080040a0   0x00000040   Code   RO          786    i.pix_filter        touch.o
    0x080040e0   0x00000034   Code   RO         1138    i.prvAddCurrentTaskToDelayedList  tasks.o
    0x08004114   0x00000054   Code   RO         1139    i.prvCheckTasksWaitingTermination  tasks.o
    0x08004168   0x0000004c   Code   RO         1732    i.prvHeapInit       heap_4.o
    0x080041b4   0x00000018   Code   RO         1140    i.prvIdleTask       tasks.o
    0x080041cc   0x0000004c   Code   RO         1733    i.prvInsertBlockIntoFreeList  heap_4.o
    0x08004218   0x00000020   Code   RO         1141    i.prvResetNextTaskUnblockTime  tasks.o
    0x08004238   0x00000018   Code   RO         1959    i.prvTaskExitError  port.o
    0x08004250   0x000000bc   Code   RO         1734    i.pvPortMalloc      heap_4.o
    0x0800430c   0x00000020   Code   RO         1960    i.pxPortInitialiseStack  port.o
    0x0800432c   0x00000048   Code   RO          787    i.start_7843        touch.o
    0x08004374   0x00000068   Code   RO          946    i.start_flip        task_flip.o
    0x080043dc   0x00000098   Code   RO         1034    i.temp_control      task_temp.o
    0x08004474   0x00000002   Code   RO         1035    i.temp_init         task_temp.o
    0x08004476   0x00000024   Code   RO         1916    i.uxListRemove      list.o
    0x0800449a   0x00000016   Code   RO         1917    i.vListInitialise   list.o
    0x080044b0   0x00000006   Code   RO         1918    i.vListInitialiseItem  list.o
    0x080044b6   0x00000030   Code   RO         1919    i.vListInsert       list.o
    0x080044e6   0x00000018   Code   RO         1920    i.vListInsertEnd    list.o
    0x080044fe   0x00000002   PAD
    0x08004500   0x00000034   Code   RO         1962    i.vPortEnterCritical  port.o
    0x08004534   0x00000024   Code   RO         1963    i.vPortExitCritical  port.o
    0x08004558   0x00000048   Code   RO         1735    i.vPortFree         heap_4.o
    0x080045a0   0x00000020   Code   RO         1964    i.vPortSetupTimerInterrupt  port.o
    0x080045c0   0x00000018   Code   RO         1966    i.vPortYield        port.o
    0x080045d8   0x00000050   Code   RO         1149    i.vTaskDelay        tasks.o
    0x08004628   0x00000054   Code   RO         1160    i.vTaskStartScheduler  tasks.o
    0x0800467c   0x00000010   Code   RO         1162    i.vTaskSuspendAll   tasks.o
    0x0800468c   0x00000054   Code   RO         1163    i.vTaskSwitchContext  tasks.o
    0x080046e0   0x00000074   Code   RO         1967    i.xPortStartScheduler  port.o
    0x08004754   0x00000024   Code   RO         1968    i.xPortSysTickHandler  port.o
    0x08004778   0x0000017c   Code   RO         1165    i.xTaskGenericCreate  tasks.o
    0x080048f4   0x0000001c   Code   RO         1169    i.xTaskGetSchedulerState  tasks.o
    0x08004910   0x000000c0   Code   RO         1172    i.xTaskIncrementTick  tasks.o
    0x080049d0   0x000000ac   Code   RO         1178    i.xTaskResumeAll    tasks.o
    0x08004a7c   0x0000003c   Data   RO          175    .constdata          freertos.o
    0x08004ab8   0x00000c58   Data   RO          669    .constdata          tft28.o
    0x08005710   0x00000010   Data   RO         4424    .constdata          system_stm32f1xx.o
    0x08005720   0x00000008   Data   RO         4425    .constdata          system_stm32f1xx.o
    0x08005728   0x00000024   Data   RO          176    .conststring        freertos.o
    0x0800574c   0x00000020   Data   RO         4495    Region$$Table       anon$$obj.o


    Execution Region RW_IRAM1 (Base: 0x20000000, Size: 0x000013b0, Max: 0x0000c000, ABSOLUTE, COMPRESSED[0x00000084])

    Base Addr    Size         Type   Attr      Idx    E Section Name        Object

    0x20000000   0x00000001   Data   RW          177    .data               freertos.o
    0x20000001   0x00000003   PAD
    0x20000004   0x00000010   Data   RW          178    .data               freertos.o
    0x20000014   0x00000008   Data   RW          179    .data               freertos.o
    0x2000001c   0x00000008   Data   RW          180    .data               freertos.o
    0x20000024   0x00000001   Data   RW          181    .data               freertos.o
    0x20000025   0x00000003   PAD
    0x20000028   0x00000010   Data   RW          788    .data               touch.o
    0x20000038   0x00000008   Data   RW          899    .data               task_display.o
    0x20000040   0x00000004   Data   RW          901    .data               task_display.o
    0x20000044   0x00000004   Data   RW          902    .data               task_display.o
    0x20000048   0x00000004   Data   RW          947    .data               task_flip.o
    0x2000004c   0x0000009d   Data   RW          987    .data               task_print.o
    0x200000e9   0x00000003   PAD
    0x200000ec   0x0000000c   Data   RW         1036    .data               task_temp.o
    0x200000f8   0x00000038   Data   RW         1181    .data               tasks.o
    0x20000130   0x00000018   Data   RW         1740    .data               heap_4.o
    0x20000148   0x0000000c   Data   RW         1969    .data               port.o
    0x20000154   0x00000004   Data   RW         3322    .data               stm32f1xx_hal.o
    0x20000158   0x00000004   Data   RW         4426    .data               system_stm32f1xx.o
    0x2000015c   0x00000040   Zero   RW            7    .bss                usart.o
    0x2000019c   0x00000080   Zero   RW          374    .bss                can.o
    0x2000021c   0x0000003c   Zero   RW          503    .bss                stm32f1xx_hal_timebase_tim.o
    0x20000258   0x00000068   Zero   RW          567    .bss                adc.o
    0x200002c0   0x000000f0   Zero   RW         1180    .bss                tasks.o
    0x200003b0   0x00000c00   Zero   RW         1739    .bss                heap_4.o
    0x20000fb0   0x00000400   Zero   RW         2029    STACK               startup_stm32f103xe.o


==============================================================================

Image component sizes


      Code (inc. data)   RO Data    RW Data    ZI Data      Debug   Object Name

       240         64          0          0        104       1615   adc.o
       232         38          0          0        128       1671   can.o
       112          0          0          0          0       7676   cmsis_os.o
        44          4          0          0          0        726   dma.o
         0          0          0          0          0       1456   event_groups.o
       240         18         96         34          0      24911   freertos.o
       232         18          0          0          0        963   gpio.o
       160          0          0          0          0       1557   gui.o
       412         24          0         24       3072       3963   heap_4.o
       136          0          0          0          0       3174   list.o
       182          6          0          0          0       2545   main.o
       514         66          0         12          0       7785   port.o
        36          8        304          0       1024        768   startup_stm32f103xe.o
        86         16          0          4          0       2991   stm32f1xx_hal.o
      1264         56          0          0          0       7782   stm32f1xx_hal_adc.o
      1684         24          0          0          0       6608   stm32f1xx_hal_can.o
       218         14          0          0          0      25929   stm32f1xx_hal_cortex.o
      1406         20          0          0          0       3439   stm32f1xx_hal_dma.o
       508         42          0          0          0       3291   stm32f1xx_hal_gpio.o
       128         10          0          0          0        834   stm32f1xx_hal_msp.o
      2106        108          0          0          0       6193   stm32f1xx_hal_rcc.o
       300         12          0          0          0       1284   stm32f1xx_hal_rcc_ex.o
       578         20          0          0          0       6554   stm32f1xx_hal_tim.o
         4          0          0          0          0       1546   stm32f1xx_hal_tim_ex.o
       116         16          0          0         60       1416   stm32f1xx_hal_timebase_tim.o
       812          4          0          0          0       3512   stm32f1xx_hal_uart.o
        52         18          0          0          0       4217   stm32f1xx_it.o
        72         16         24          4          0       1139   system_stm32f1xx.o
       206         24          0          0          0       1766   task_can.o
      1036        158          0         16          0       2563   task_display.o
       128         14          0          4          0       1609   task_flip.o
       216         10          0        157          0       2780   task_print.o
       154         14          0         12          0       1340   task_temp.o
      1228         92          0         56        240      12118   tasks.o
      2180         52       3160          0          0       8586   tft28.o
       564         62          0         16          0       4082   touch.o
       164         36          0          0         64     525758   usart.o

    ----------------------------------------------------------------------
     17782       1084       3616        348       4692     696147   Object Totals
         0          0         32          0          0          0   (incl. Generated)
        32          0          0          9          0          0   (incl. Padding)

    ----------------------------------------------------------------------

      Code (inc. data)   RO Data    RW Data    ZI Data      Debug   Library Member Name

        86          0          0          0          0          0   __dczerorl2.o
         0          0          0          0          0          0   entry.o
         0          0          0          0          0          0   entry10a.o
         0          0          0          0          0          0   entry11a.o
         8          4          0          0          0          0   entry2.o
         4          0          0          0          0          0   entry5.o
         0          0          0          0          0          0   entry7b.o
         0          0          0          0          0          0   entry8b.o
         8          4          0          0          0          0   entry9a.o
        30          0          0          0          0          0   handlers.o
        36          8          0          0          0         68   init.o
         0          0          0          0          0          0   iusefp.o
        30          0          0          0          0         68   llshl.o
        32          0          0          0          0         68   llushr.o
        36          0          0          0          0         68   memcpya.o
       222          0          0          0          0        100   ddiv.o
       186          0          0          0          0        176   depilogue.o
        50          0          0          0          0         76   dfixui.o
        26          0          0          0          0         76   dfltui.o
       228          0          0          0          0         96   dmul.o

    ----------------------------------------------------------------------
       982         16          0          0          0        796   Library Totals
         0          0          0          0          0          0   (incl. Padding)

    ----------------------------------------------------------------------

      Code (inc. data)   RO Data    RW Data    ZI Data      Debug   Library Name

       270         16          0          0          0        272   mc_w.l
       712          0          0          0          0        524   mf_w.l

    ----------------------------------------------------------------------
       982         16          0          0          0        796   Library Totals

    ----------------------------------------------------------------------

==============================================================================


      Code (inc. data)   RO Data    RW Data    ZI Data      Debug   

     18764       1100       3616        348       4692     689063   Grand Totals
     18764       1100       3616        132       4692     689063   ELF Image Totals (compressed)
     18764       1100       3616        132          0          0   ROM Totals

==============================================================================

    Total RO  Size (Code + RO Data)                22380 (  21.86kB)
    Total RW  Size (RW Data + ZI Data)              5040 (   4.92kB)
    Total ROM Size (Code + RO Data + RW Data)      22512 (  21.98kB)

==============================================================================

